
Optional file vector_offset_init.o not found
Archive member included to satisfy reference by file (symbol)

c:/program files/microchip/xc32/v4.00/bin/bin/../../lib/gcc/pic32mx/8.3.1/../../../../pic32mx/lib/fpu64\libpic32.a(memcpy.o)
                              build/DSP_TU2/debug/_ext/1360937237/UserConfig.o (memcpy)
c:/program files/microchip/xc32/v4.00/bin/bin/../../lib/gcc/pic32mx/8.3.1/../../../../pic32mx/lib/fpu64\libpic32.a(strlen.o)
                              build/DSP_TU2/debug/_ext/1360937237/PollEncoder.o (strlen)
c:/program files/microchip/xc32/v4.00/bin/bin/../../lib/gcc/pic32mx/8.3.1/../../../../pic32mx/lib/fpu64\libpic32.a(default-on-reset.o)
                              C:\Users\HAROLD~1\AppData\Local\Temp\cciquT90.o (_on_reset)
c:/program files/microchip/xc32/v4.00/bin/bin/../../lib/gcc/pic32mx/8.3.1/../../../../pic32mx/lib/fpu64\libpic32.a(default-on-bootstrap.o)
                              C:\Users\HAROLD~1\AppData\Local\Temp\cciquT90.o (_on_bootstrap)
c:/program files/microchip/xc32/v4.00/bin/bin/../../lib/gcc/pic32mx/8.3.1/../../../../pic32mx/lib/fpu64\libpic32.a(default-nmi-handler.o)
                              C:\Users\HAROLD~1\AppData\Local\Temp\cciquT90.o (_nmi_handler)
c:/program files/microchip/xc32/v4.00/bin/bin/../../lib/gcc/pic32mx/8.3.1/../../../../pic32mx/lib/fpu64\libpic32.a(pic32_data_init.o)
                              C:\Users\HAROLD~1\AppData\Local\Temp\cciquT90.o (__pic32_data_init)
c:/program files/microchip/xc32/v4.00/bin/bin/../../lib/gcc/pic32mx/8.3.1/../../../../pic32mx/lib/fpu64\libpic32.a(pic32_init_cache.o)
                              C:\Users\HAROLD~1\AppData\Local\Temp\cciquT90.o (__pic32_init_cache)
c:/program files/microchip/xc32/v4.00/bin/bin/../../lib/gcc/pic32mx/8.3.1/../../../../pic32mx/lib/fpu64\libpic32.a(pic32_init_tlb_ebi_sqi.o)
                              C:\Users\HAROLD~1\AppData\Local\Temp\cciquT90.o (__pic32_tlb_init_ebi_sqi)
c:/program files/microchip/xc32/v4.00/bin/bin/../../lib/gcc/pic32mx/8.3.1/../../../../pic32mx/lib/fpu64\libpic32.a(general-exception.o)
                              C:\Users\HAROLD~1\AppData\Local\Temp\cciquT90.o (_general_exception_context)
c:/program files/microchip/xc32/v4.00/bin/bin/../../lib/gcc/pic32mx/8.3.1/../../../../pic32mx/lib/fpu64\libpic32.a(cache-err-exception.o)
                              C:\Users\HAROLD~1\AppData\Local\Temp\cciquT90.o (_cache_err_exception_context)
c:/program files/microchip/xc32/v4.00/bin/bin/../../lib/gcc/pic32mx/8.3.1/../../../../pic32mx/lib/fpu64\libpic32.a(simple-tlb-refill-exception.o)
                              C:\Users\HAROLD~1\AppData\Local\Temp\cciquT90.o (_simple_tlb_refill_exception_context)
c:/program files/microchip/xc32/v4.00/bin/bin/../../lib/gcc/pic32mx/8.3.1/../../../../pic32mx/lib/fpu64\libpic32.a(defaultinterrupt.o)
                              C:\Users\HAROLD~1\AppData\Local\Temp\ccTZZwRy.o (_DefaultInterrupt)
c:/program files/microchip/xc32/v4.00/bin/bin/../../lib/gcc/pic32mx/8.3.1/../../../../pic32mx/lib/fpu64\libc-musl.a(malloc.o)
                              build/DSP_TU2/debug/_ext/1360937237/biquad.o (malloc)
c:/program files/microchip/xc32/v4.00/bin/bin/../../lib/gcc/pic32mx/8.3.1/../../../../pic32mx/lib/fpu64\libc-musl.a(expand_heap.o)
                              c:/program files/microchip/xc32/v4.00/bin/bin/../../lib/gcc/pic32mx/8.3.1/../../../../pic32mx/lib/fpu64\libc-musl.a(malloc.o) (__expand_heap)
c:/program files/microchip/xc32/v4.00/bin/bin/../../lib/gcc/pic32mx/8.3.1/../../../../pic32mx/lib/fpu64\libc-musl.a(__sio_sprintf_doux.o)
                              build/DSP_TU2/debug/_ext/1360937237/PollEncoder.o (_sprintf_cdnopuxX)
c:/program files/microchip/xc32/v4.00/bin/bin/../../lib/gcc/pic32mx/8.3.1/../../../../pic32mx/lib/fpu64\libc-musl.a(__fmt_d.o)
                              c:/program files/microchip/xc32/v4.00/bin/bin/../../lib/gcc/pic32mx/8.3.1/../../../../pic32mx/lib/fpu64\libc-musl.a(__sio_sprintf_doux.o) (__fmt_d_needed)
c:/program files/microchip/xc32/v4.00/bin/bin/../../lib/gcc/pic32mx/8.3.1/../../../../pic32mx/lib/fpu64\libc-musl.a(__fmt_o.o)
                              c:/program files/microchip/xc32/v4.00/bin/bin/../../lib/gcc/pic32mx/8.3.1/../../../../pic32mx/lib/fpu64\libc-musl.a(__sio_sprintf_doux.o) (__fmt_o_needed)
c:/program files/microchip/xc32/v4.00/bin/bin/../../lib/gcc/pic32mx/8.3.1/../../../../pic32mx/lib/fpu64\libc-musl.a(__fmt_s.o)
                              c:/program files/microchip/xc32/v4.00/bin/bin/../../lib/gcc/pic32mx/8.3.1/../../../../pic32mx/lib/fpu64\libc-musl.a(__sio_sprintf_doux.o) (__fmt_s_needed)
c:/program files/microchip/xc32/v4.00/bin/bin/../../lib/gcc/pic32mx/8.3.1/../../../../pic32mx/lib/fpu64\libc-musl.a(__fmt_u.o)
                              c:/program files/microchip/xc32/v4.00/bin/bin/../../lib/gcc/pic32mx/8.3.1/../../../../pic32mx/lib/fpu64\libc-musl.a(__fmt_d.o) (__cvt_u)
[...]
Memory Configuration

Name             Origin             Length             Attributes
kseg0_data_mem   0x0000000080000000 0x0000000000020000 w !x
kseg1_data_mem   0x00000000a0000000 0x0000000000000380
kseg0_program_mem 0x000000009d000000 0x0000000000080000 xr
kseg0_boot_mem   0x000000009fc004b0 0x0000000000000000
kseg1_boot_mem   0x00000000bfc00000 0x0000000000000480
kseg1_boot_mem_4B0 0x00000000bfc004b0 0x000000000000fa50
config_BFC0FF40  0x00000000bfc0ff40 0x0000000000000004
config_BFC0FF44  0x00000000bfc0ff44 0x0000000000000004
config_BFC0FF48  0x00000000bfc0ff48 0x0000000000000004
config_BFC0FF4C  0x00000000bfc0ff4c 0x0000000000000004
config_BFC0FF50  0x00000000bfc0ff50 0x0000000000000004
config_BFC0FF54  0x00000000bfc0ff54 0x0000000000000004
config_BFC0FF58  0x00000000bfc0ff58 0x0000000000000004
config_BFC0FF5C  0x00000000bfc0ff5c 0x0000000000000004
config_BFC0FF60  0x00000000bfc0ff60 0x0000000000000004
config_BFC0FF64  0x00000000bfc0ff64 0x0000000000000004
config_BFC0FF68  0x00000000bfc0ff68 0x0000000000000004
config_BFC0FF6C  0x00000000bfc0ff6c 0x0000000000000004
config_BFC0FF70  0x00000000bfc0ff70 0x0000000000000004
config_BFC0FF74  0x00000000bfc0ff74 0x0000000000000004
config_BFC0FF78  0x00000000bfc0ff78 0x0000000000000004
config_BFC0FF7C  0x00000000bfc0ff7c 0x0000000000000004
config_BFC0FFC0  0x00000000bfc0ffc0 0x0000000000000004
config_BFC0FFC4  0x00000000bfc0ffc4 0x0000000000000004
config_BFC0FFC8  0x00000000bfc0ffc8 0x0000000000000004
config_BFC0FFCC  0x00000000bfc0ffcc 0x0000000000000004
config_BFC0FFD0  0x00000000bfc0ffd0 0x0000000000000004
config_BFC0FFD4  0x00000000bfc0ffd4 0x0000000000000004
config_BFC0FFD8  0x00000000bfc0ffd8 0x0000000000000004
config_BFC0FFDC  0x00000000bfc0ffdc 0x0000000000000004
config_BFC0FFE0  0x00000000bfc0ffe0 0x0000000000000004
config_BFC0FFE4  0x00000000bfc0ffe4 0x0000000000000004
config_BFC0FFE8  0x00000000bfc0ffe8 0x0000000000000004
config_BFC0FFEC  0x00000000bfc0ffec 0x0000000000000004
config_BFC0FFF0  0x00000000bfc0fff0 0x0000000000000004
config_BFC0FFF4  0x00000000bfc0fff4 0x0000000000000004
config_BFC0FFF8  0x00000000bfc0fff8 0x0000000000000004
config_BFC0FFFC  0x00000000bfc0fffc 0x0000000000000004
lowerbootaliaslastpage 0x00000000bfc10000 0x0000000000004000
upperbootalias   0x00000000bfc20000 0x000000000000ff00
config_BFC2FF40  0x00000000bfc2ff40 0x0000000000000004
config_BFC2FF44  0x00000000bfc2ff44 0x0000000000000004
config_BFC2FF48  0x00000000bfc2ff48 0x0000000000000004
config_BFC2FF4C  0x00000000bfc2ff4c 0x0000000000000004
config_BFC2FF50  0x00000000bfc2ff50 0x0000000000000004
config_BFC2FF54  0x00000000bfc2ff54 0x0000000000000004
config_BFC2FF58  0x00000000bfc2ff58 0x0000000000000004
config_BFC2FF5C  0x00000000bfc2ff5c 0x0000000000000004
config_BFC2FF60  0x00000000bfc2ff60 0x0000000000000004
config_BFC2FF64  0x00000000bfc2ff64 0x0000000000000004
config_BFC2FF68  0x00000000bfc2ff68 0x0000000000000004
config_BFC2FF6C  0x00000000bfc2ff6c 0x0000000000000004
config_BFC2FF70  0x00000000bfc2ff70 0x0000000000000004
config_BFC2FF74  0x00000000bfc2ff74 0x0000000000000004
config_BFC2FF78  0x00000000bfc2ff78 0x0000000000000004
config_BFC2FF7C  0x00000000bfc2ff7c 0x0000000000000004
config_BFC2FFC0  0x00000000bfc2ffc0 0x0000000000000004
config_BFC2FFC4  0x00000000bfc2ffc4 0x0000000000000004
config_BFC2FFC8  0x00000000bfc2ffc8 0x0000000000000004
config_BFC2FFCC  0x00000000bfc2ffcc 0x0000000000000004
config_BFC2FFD0  0x00000000bfc2ffd0 0x0000000000000004
config_BFC2FFD4  0x00000000bfc2ffd4 0x0000000000000004
config_BFC2FFD8  0x00000000bfc2ffd8 0x0000000000000004
config_BFC2FFDC  0x00000000bfc2ffdc 0x0000000000000004
config_BFC2FFE0  0x00000000bfc2ffe0 0x0000000000000004
config_BFC2FFE4  0x00000000bfc2ffe4 0x0000000000000004
config_BFC2FFE8  0x00000000bfc2ffe8 0x0000000000000004
config_BFC2FFEC  0x00000000bfc2ffec 0x0000000000000004
config_BFC2FFF0  0x00000000bfc2fff0 0x0000000000000004
config_BFC2FFF4  0x00000000bfc2fff4 0x0000000000000004
config_BFC2FFF8  0x00000000bfc2fff8 0x0000000000000004
config_BFC2FFFC  0x00000000bfc2fffc 0x0000000000000004
upperbootaliaslastpage 0x00000000bfc30000 0x0000000000004000
boot1            0x00000000bfc40000 0x000000000000ff00
config_BFC4FF40  0x00000000bfc4ff40 0x0000000000000004
config_BFC4FF44  0x00000000bfc4ff44 0x0000000000000004
config_BFC4FF48  0x00000000bfc4ff48 0x0000000000000004
config_BFC4FF4C  0x00000000bfc4ff4c 0x0000000000000004
config_BFC4FF50  0x00000000bfc4ff50 0x0000000000000004
config_BFC4FF54  0x00000000bfc4ff54 0x0000000000000004
config_BFC4FF58  0x00000000bfc4ff58 0x0000000000000004
config_BFC4FF5C  0x00000000bfc4ff5c 0x0000000000000004
config_BFC4FF60  0x00000000bfc4ff60 0x0000000000000004
config_BFC4FF64  0x00000000bfc4ff64 0x0000000000000004
config_BFC4FF68  0x00000000bfc4ff68 0x0000000000000004
config_BFC4FF6C  0x00000000bfc4ff6c 0x0000000000000004
config_BFC4FF70  0x00000000bfc4ff70 0x0000000000000004
config_BFC4FF74  0x00000000bfc4ff74 0x0000000000000004
config_BFC4FF78  0x00000000bfc4ff78 0x0000000000000004
config_BFC4FF7C  0x00000000bfc4ff7c 0x0000000000000004
config_BFC4FFC0  0x00000000bfc4ffc0 0x0000000000000004
config_BFC4FFC4  0x00000000bfc4ffc4 0x0000000000000004
config_BFC4FFC8  0x00000000bfc4ffc8 0x0000000000000004
config_BFC4FFCC  0x00000000bfc4ffcc 0x0000000000000004
config_BFC4FFD0  0x00000000bfc4ffd0 0x0000000000000004
config_BFC4FFD4  0x00000000bfc4ffd4 0x0000000000000004
config_BFC4FFD8  0x00000000bfc4ffd8 0x0000000000000004
config_BFC4FFDC  0x00000000bfc4ffdc 0x0000000000000004
config_BFC4FFE0  0x00000000bfc4ffe0 0x0000000000000004
config_BFC4FFE4  0x00000000bfc4ffe4 0x0000000000000004
config_BFC4FFE8  0x00000000bfc4ffe8 0x0000000000000004
config_BFC4FFEC  0x00000000bfc4ffec 0x0000000000000004
config_BFC4FFF0  0x00000000bfc4fff0 0x0000000000000004
config_BFC4FFF4  0x00000000bfc4fff4 0x0000000000000004
config_BFC4FFF8  0x00000000bfc4fff8 0x0000000000000004
config_BFC4FFFC  0x00000000bfc4fffc 0x0000000000000004
boot1lastpage    0x00000000bfc50000 0x0000000000004000
config_BFC54000  0x00000000bfc54000 0x0000000000000004
config_BFC54004  0x00000000bfc54004 0x0000000000000004
config_BFC54008  0x00000000bfc54008 0x0000000000000004
config_BFC5400C  0x00000000bfc5400c 0x0000000000000004
config_BFC54010  0x00000000bfc54010 0x0000000000000004
config_BFC5401C  0x00000000bfc5401c 0x0000000000000004
config_BFC54020  0x00000000bfc54020 0x0000000000000004
config_BFC54024  0x00000000bfc54024 0x0000000000000004
boot2            0x00000000bfc60000 0x000000000000ff00
config_BFC6FF40  0x00000000bfc6ff40 0x0000000000000004
config_BFC6FF44  0x00000000bfc6ff44 0x0000000000000004
config_BFC6FF48  0x00000000bfc6ff48 0x0000000000000004
config_BFC6FF4C  0x00000000bfc6ff4c 0x0000000000000004
config_BFC6FF50  0x00000000bfc6ff50 0x0000000000000004
config_BFC6FF54  0x00000000bfc6ff54 0x0000000000000004
config_BFC6FF58  0x00000000bfc6ff58 0x0000000000000004
config_BFC6FF5C  0x00000000bfc6ff5c 0x0000000000000004
config_BFC6FF60  0x00000000bfc6ff60 0x0000000000000004
config_BFC6FF64  0x00000000bfc6ff64 0x0000000000000004
config_BFC6FF68  0x00000000bfc6ff68 0x0000000000000004
config_BFC6FF6C  0x00000000bfc6ff6c 0x0000000000000004
config_BFC6FF70  0x00000000bfc6ff70 0x0000000000000004
config_BFC6FF74  0x00000000bfc6ff74 0x0000000000000004
config_BFC6FF78  0x00000000bfc6ff78 0x0000000000000004
config_BFC6FF7C  0x00000000bfc6ff7c 0x0000000000000004
config_BFC6FFC0  0x00000000bfc6ffc0 0x0000000000000004
config_BFC6FFC4  0x00000000bfc6ffc4 0x0000000000000004
config_BFC6FFC8  0x00000000bfc6ffc8 0x0000000000000004
config_BFC6FFCC  0x00000000bfc6ffcc 0x0000000000000004
config_BFC6FFD0  0x00000000bfc6ffd0 0x0000000000000004
config_BFC6FFD4  0x00000000bfc6ffd4 0x0000000000000004
config_BFC6FFD8  0x00000000bfc6ffd8 0x0000000000000004
config_BFC6FFDC  0x00000000bfc6ffdc 0x0000000000000004
config_BFC6FFE0  0x00000000bfc6ffe0 0x0000000000000004
config_BFC6FFE4  0x00000000bfc6ffe4 0x0000000000000004
config_BFC6FFE8  0x00000000bfc6ffe8 0x0000000000000004
config_BFC6FFEC  0x00000000bfc6ffec 0x0000000000000004
config_BFC6FFF0  0x00000000bfc6fff0 0x0000000000000004
config_BFC6FFF4  0x00000000bfc6fff4 0x0000000000000004
config_BFC6FFF8  0x00000000bfc6fff8 0x0000000000000004
config_BFC6FFFC  0x00000000bfc6fffc 0x0000000000000004
boot2lastpage    0x00000000bfc70000 0x0000000000004000
sfrs             0x00000000bf800000 0x0000000000100000
configsfrs_BFC0FF40 0x00000000bfc0ff40 0x0000000000000040
configsfrs_BFC0FFC0 0x00000000bfc0ffc0 0x0000000000000040
configsfrs_BFC2FF40 0x00000000bfc2ff40 0x0000000000000040
configsfrs_BFC2FFC0 0x00000000bfc2ffc0 0x0000000000000040
configsfrs_BFC4FF40 0x00000000bfc4ff40 0x0000000000000040
configsfrs_BFC4FFC0 0x00000000bfc4ffc0 0x0000000000000040
configsfrs_BFC54000 0x00000000bfc54000 0x0000000000000020
configsfrs_BFC6FF40 0x00000000bfc6ff40 0x0000000000000040
configsfrs_BFC6FFC0 0x00000000bfc6ffc0 0x0000000000000040
kseg2_sqi_data_mem 0x00000000d0000000 0x0000000004000000
kseg3_sqi_data_mem 0x00000000f0000000 0x0000000004000000
*default*        0x0000000000000000 0xffffffffffffffff

Linker script and memory map


reserve_data_0_kseg0
                0x0000000080000000      0x380
                0x0000000080000000        0x2 SHORT 0x0
                0x0000000000000380                . = 0x380
 *fill*         0x0000000080000002      0x37e 
                0x0000000080000380                . = ALIGN (0x4)

reserve_data_0_kseg1
                0x00000000a0000000      0x380
                0x00000000a0000000        0x2 SHORT 0x0
                0x0000000000000380                . = 0x380
 *fill*         0x00000000a0000002      0x37e 
                0x00000000a0000380                . = ALIGN (0x4)
LOAD c:/program files/microchip/xc32/v4.00/bin/bin/../../lib/gcc/pic32mx/8.3.1/../../../../pic32mx/lib/fpu64\software-debug-break.o
LOAD build/DSP_TU2/debug/_ext/302168295/plib_adchs.o
LOAD build/DSP_TU2/debug/_ext/255064926/plib_clk.o
LOAD build/DSP_TU2/debug/_ext/682852657/plib_evic.o
LOAD build/DSP_TU2/debug/_ext/682798829/plib_gpio.o
LOAD build/DSP_TU2/debug/_ext/682572869/plib_ocmp1.o
LOAD build/DSP_TU2/debug/_ext/957679836/plib_spi1_master.o
LOAD build/DSP_TU2/debug/_ext/957679836/plib_spi3_master.o
LOAD build/DSP_TU2/debug/_ext/957679836/plib_spi2_master.o
LOAD build/DSP_TU2/debug/_ext/255081301/plib_tmr2.o
LOAD build/DSP_TU2/debug/_ext/682395886/plib_uart1.o
LOAD build/DSP_TU2/debug/_ext/775482278/xc32_monitor.o
LOAD build/DSP_TU2/debug/_ext/1994557280/initialization.o
LOAD build/DSP_TU2/debug/_ext/1994557280/interrupts.o
LOAD build/DSP_TU2/debug/_ext/1994557280/exceptions.o
LOAD build/DSP_TU2/debug/_ext/1360937237/main.o
LOAD build/DSP_TU2/debug/_ext/1360937237/AfskGen.o
LOAD build/DSP_TU2/debug/_ext/1360937237/BaudotUart.o
LOAD build/DSP_TU2/debug/_ext/1360937237/DynamicThreshold.o
LOAD build/DSP_TU2/debug/_ext/1360937237/PwmAudioOut.o
LOAD build/DSP_TU2/debug/_ext/1360937237/agc.o
LOAD build/DSP_TU2/debug/_ext/1360937237/biquad.o
LOAD build/DSP_TU2/debug/_ext/1360937237/dds.o
LOAD build/DSP_TU2/debug/_ext/1360937237/display.o
LOAD build/DSP_TU2/debug/_ext/1360937237/fifo16.o
LOAD build/DSP_TU2/debug/_ext/1360937237/xyScope.o
LOAD build/DSP_TU2/debug/_ext/1360937237/PollSwitchesLeds.o
LOAD build/DSP_TU2/debug/_ext/1360937237/PollEncoder.o
LOAD build/DSP_TU2/debug/_ext/1360937237/UserConfig.o
LOAD build/DSP_TU2/debug/_ext/1360937237/filters.o
LOAD build/DSP_TU2/debug/_ext/1360937237/AutostartKos.o
                0x0000000000000001                __MPLAB_BUILD = 0x1
                0x0000000000000400                PROVIDE (_min_stack_size = 0x400)
START GROUP
LOAD vector_offset_init.o
END GROUP
                0x0000000000000001                PROVIDE (_vector_spacing = 0x1)
                0x000000009d000000                PROVIDE (_ebase_address = 0x9d000000)
                0x00000000bfc00000                _RESET_ADDR = 0xbfc00000
                0x00000000bfc00380                _BEV_EXCPT_ADDR = 0xbfc00380
                0x00000000bfc00480                _DBG_EXCPT_ADDR = 0xbfc00480
                0x000000009d000000                _SIMPLE_TLB_REFILL_EXCPT_ADDR = (_ebase_address + 0x0)
                0x000000009d000100                _CACHE_ERR_EXCPT_ADDR = (_ebase_address + 0x100)
                0x000000009d000180                _GEN_EXCPT_ADDR = (_ebase_address + 0x180)

.config_BFC0FF40
 *(.config_BFC0FF40)

.config_BFC0FF44
 *(.config_BFC0FF44)

.config_BFC0FF48
 *(.config_BFC0FF48)

.config_BFC0FF4C
 *(.config_BFC0FF4C)

.config_BFC0FF50
 *(.config_BFC0FF50)

.config_BFC0FF54
 *(.config_BFC0FF54)

.config_BFC0FF58
 *(.config_BFC0FF58)

.config_BFC0FF5C
 *(.config_BFC0FF5C)

.config_BFC0FF60
 *(.config_BFC0FF60)

.config_BFC0FF64
 *(.config_BFC0FF64)

.config_BFC0FF68
 *(.config_BFC0FF68)

.config_BFC0FF6C
 *(.config_BFC0FF6C)

.config_BFC0FF70
 *(.config_BFC0FF70)

.config_BFC0FF74
 *(.config_BFC0FF74)

.config_BFC0FF78
 *(.config_BFC0FF78)

.config_BFC0FF7C
 *(.config_BFC0FF7C)

.config_BFC0FFC0
                0x00000000bfc0ffc0        0x4
 *(.config_BFC0FFC0)
 .config_BFC0FFC0
                0x00000000bfc0ffc0        0x4 build/DSP_TU2/debug/_ext/1994557280/initialization.o
                0x00000000bfc0ffc0                __config_BFC0FFC0

.config_BFC0FFC4
                0x00000000bfc0ffc4        0x4
 *(.config_BFC0FFC4)
 .config_BFC0FFC4
                0x00000000bfc0ffc4        0x4 build/DSP_TU2/debug/_ext/1994557280/initialization.o
                0x00000000bfc0ffc4                __config_BFC0FFC4

.config_BFC0FFC8
                0x00000000bfc0ffc8        0x4
 *(.config_BFC0FFC8)
 .config_BFC0FFC8
                0x00000000bfc0ffc8        0x4 build/DSP_TU2/debug/_ext/1994557280/initialization.o
                0x00000000bfc0ffc8                __config_BFC0FFC8

.config_BFC0FFCC
                0x00000000bfc0ffcc        0x4
 *(.config_BFC0FFCC)
 .config_BFC0FFCC
                0x00000000bfc0ffcc        0x4 build/DSP_TU2/debug/_ext/1994557280/initialization.o
                0x00000000bfc0ffcc                __config_BFC0FFCC

.config_BFC0FFD0
 *(.config_BFC0FFD0)

.config_BFC0FFD4
 *(.config_BFC0FFD4)

.config_BFC0FFD8
 *(.config_BFC0FFD8)

.config_BFC0FFDC
                0x00000000bfc0ffdc        0x4
 *(.config_BFC0FFDC)
 .config_BFC0FFDC
                0x00000000bfc0ffdc        0x4 build/DSP_TU2/debug/_ext/1994557280/initialization.o
                0x00000000bfc0ffdc                __config_BFC0FFDC

.config_BFC0FFE0
 *(.config_BFC0FFE0)

.config_BFC0FFE4
 *(.config_BFC0FFE4)

.config_BFC0FFE8
 *(.config_BFC0FFE8)

.config_BFC0FFEC
 *(.config_BFC0FFEC)

.config_BFC0FFF0
                0x00000000bfc0fff0        0x4
 *(.config_BFC0FFF0)
 .config_BFC0FFF0
                0x00000000bfc0fff0        0x4 build/DSP_TU2/debug/_ext/1994557280/initialization.o
                0x00000000bfc0fff0                __config_BFC0FFF0

.config_BFC0FFF4
 *(.config_BFC0FFF4)

.config_BFC0FFF8
 *(.config_BFC0FFF8)

.config_BFC0FFFC
 *(.config_BFC0FFFC)

.config_BFC2FF40
 *(.config_BFC2FF40)

.config_BFC2FF44
 *(.config_BFC2FF44)

.config_BFC2FF48
 *(.config_BFC2FF48)

.config_BFC2FF4C
 *(.config_BFC2FF4C)

.config_BFC2FF50
 *(.config_BFC2FF50)

.config_BFC2FF54
 *(.config_BFC2FF54)

.config_BFC2FF58
 *(.config_BFC2FF58)

.config_BFC2FF5C
 *(.config_BFC2FF5C)

.config_BFC2FF60
 *(.config_BFC2FF60)

.config_BFC2FF64
 *(.config_BFC2FF64)

.config_BFC2FF68
 *(.config_BFC2FF68)

.config_BFC2FF6C
 *(.config_BFC2FF6C)

.config_BFC2FF70
 *(.config_BFC2FF70)

.config_BFC2FF74
 *(.config_BFC2FF74)

.config_BFC2FF78
 *(.config_BFC2FF78)

.config_BFC2FF7C
 *(.config_BFC2FF7C)

.config_BFC2FFC0
 *(.config_BFC2FFC0)

.config_BFC2FFC4
 *(.config_BFC2FFC4)

.config_BFC2FFC8
 *(.config_BFC2FFC8)

.config_BFC2FFCC
 *(.config_BFC2FFCC)

.config_BFC2FFD0
 *(.config_BFC2FFD0)

.config_BFC2FFD4
 *(.config_BFC2FFD4)

.config_BFC2FFD8
 *(.config_BFC2FFD8)

.config_BFC2FFDC
 *(.config_BFC2FFDC)

.config_BFC2FFE0
 *(.config_BFC2FFE0)

.config_BFC2FFE4
 *(.config_BFC2FFE4)

.config_BFC2FFE8
 *(.config_BFC2FFE8)

.config_BFC2FFEC
 *(.config_BFC2FFEC)

.config_BFC2FFF0
 *(.config_BFC2FFF0)

.config_BFC2FFF4
 *(.config_BFC2FFF4)

.config_BFC2FFF8
 *(.config_BFC2FFF8)

.config_BFC2FFFC
 *(.config_BFC2FFFC)

.config_BFC4FF40
 *(.config_BFC4FF40)

.config_BFC4FF44
 *(.config_BFC4FF44)

.config_BFC4FF48
 *(.config_BFC4FF48)

.config_BFC4FF4C
 *(.config_BFC4FF4C)

.config_BFC4FF50
 *(.config_BFC4FF50)

.config_BFC4FF54
 *(.config_BFC4FF54)

.config_BFC4FF58
 *(.config_BFC4FF58)

.config_BFC4FF5C
 *(.config_BFC4FF5C)

.config_BFC4FF60
 *(.config_BFC4FF60)

.config_BFC4FF64
 *(.config_BFC4FF64)

.config_BFC4FF68
 *(.config_BFC4FF68)

.config_BFC4FF6C
 *(.config_BFC4FF6C)

.config_BFC4FF70
 *(.config_BFC4FF70)

.config_BFC4FF74
 *(.config_BFC4FF74)

.config_BFC4FF78
 *(.config_BFC4FF78)

.config_BFC4FF7C
 *(.config_BFC4FF7C)

.config_BFC4FFC0
 *(.config_BFC4FFC0)

.config_BFC4FFC4
 *(.config_BFC4FFC4)

.config_BFC4FFC8
 *(.config_BFC4FFC8)

.config_BFC4FFCC
 *(.config_BFC4FFCC)

.config_BFC4FFD0
 *(.config_BFC4FFD0)

.config_BFC4FFD4
 *(.config_BFC4FFD4)

.config_BFC4FFD8
 *(.config_BFC4FFD8)

.config_BFC4FFDC
 *(.config_BFC4FFDC)

.config_BFC4FFE0
 *(.config_BFC4FFE0)

.config_BFC4FFE4
 *(.config_BFC4FFE4)

.config_BFC4FFE8
 *(.config_BFC4FFE8)

.config_BFC4FFEC
 *(.config_BFC4FFEC)

.config_BFC4FFF0
 *(.config_BFC4FFF0)

.config_BFC4FFF4
 *(.config_BFC4FFF4)

.config_BFC4FFF8
 *(.config_BFC4FFF8)

.config_BFC4FFFC
 *(.config_BFC4FFFC)

.config_BFC54000
 *(.config_BFC54000)

.config_BFC54004
 *(.config_BFC54004)

.config_BFC54008
 *(.config_BFC54008)

.config_BFC5400C
 *(.config_BFC5400C)

.config_BFC54010
 *(.config_BFC54010)

.config_BFC5401C
 *(.config_BFC5401C)

.config_BFC54020
 *(.config_BFC54020)

.config_BFC54024
 *(.config_BFC54024)

.config_BFC6FF40
 *(.config_BFC6FF40)

.config_BFC6FF44
 *(.config_BFC6FF44)

.config_BFC6FF48
 *(.config_BFC6FF48)

.config_BFC6FF4C
 *(.config_BFC6FF4C)

.config_BFC6FF50
 *(.config_BFC6FF50)

.config_BFC6FF54
 *(.config_BFC6FF54)

.config_BFC6FF58
 *(.config_BFC6FF58)

.config_BFC6FF5C
 *(.config_BFC6FF5C)

.config_BFC6FF60
 *(.config_BFC6FF60)

.config_BFC6FF64
 *(.config_BFC6FF64)

.config_BFC6FF68
 *(.config_BFC6FF68)

.config_BFC6FF6C
 *(.config_BFC6FF6C)

.config_BFC6FF70
 *(.config_BFC6FF70)

.config_BFC6FF74
 *(.config_BFC6FF74)

.config_BFC6FF78
 *(.config_BFC6FF78)

.config_BFC6FF7C
 *(.config_BFC6FF7C)

.config_BFC6FFC0
 *(.config_BFC6FFC0)

.config_BFC6FFC4
 *(.config_BFC6FFC4)

.config_BFC6FFC8
 *(.config_BFC6FFC8)

.config_BFC6FFCC
 *(.config_BFC6FFCC)

.config_BFC6FFD0
 *(.config_BFC6FFD0)

.config_BFC6FFD4
 *(.config_BFC6FFD4)

.config_BFC6FFD8
 *(.config_BFC6FFD8)

.config_BFC6FFDC
 *(.config_BFC6FFDC)

.config_BFC6FFE0
 *(.config_BFC6FFE0)

.config_BFC6FFE4
 *(.config_BFC6FFE4)

.config_BFC6FFE8
 *(.config_BFC6FFE8)

.config_BFC6FFEC
 *(.config_BFC6FFEC)

.config_BFC6FFF0
 *(.config_BFC6FFF0)

.config_BFC6FFF4
 *(.config_BFC6FFF4)

.config_BFC6FFF8
 *(.config_BFC6FFF8)

.config_BFC6FFFC
 *(.config_BFC6FFFC)

.reset          0x00000000bfc00000      0x1c4
 *(.reset)
 .reset         0x00000000bfc00000       0x18 C:\Users\HAROLD~1\AppData\Local\Temp\cciquT90.o
                0x00000000bfc00000                _reset
 *(.reset.startup)
 .reset.startup
                0x00000000bfc00018      0x1ac C:\Users\HAROLD~1\AppData\Local\Temp\cciquT90.o
                0x00000000bfc00018                _startup

.bev_excpt      0x00000000bfc00380       0x10
 *(.bev_handler)
 .bev_handler   0x00000000bfc00380       0x10 C:\Users\HAROLD~1\AppData\Local\Temp\cciquT90.o

.cache_init     0x00000000bfc004b0      0x1c0
 *(.cache_init)
 *(.cache_init.*)
 .cache_init.cache
                0x00000000bfc004b0       0xc0 c:/program files/microchip/xc32/v4.00/bin/bin/../../lib/gcc/pic32mx/8.3.1/../../../../pic32mx/lib/fpu64\libpic32.a(pic32_init_cache.o)
 .cache_init.pic32_init_cache
                0x00000000bfc00570      0x100 c:/program files/microchip/xc32/v4.00/bin/bin/../../lib/gcc/pic32mx/8.3.1/../../../../pic32mx/lib/fpu64\libpic32.a(pic32_init_cache.o)
                0x00000000bfc00570                __pic32_init_cache

.simple_tlb_refill_excpt
                0x000000009d000000       0x10
 *(.simple_tlb_refill_vector)
 .simple_tlb_refill_vector
                0x000000009d000000       0x10 C:\Users\HAROLD~1\AppData\Local\Temp\cciquT90.o

.cache_err_excpt
                0x000000009d000100       0x10
 *(.cache_err_vector)
 .cache_err_vector
                0x000000009d000100       0x10 C:\Users\HAROLD~1\AppData\Local\Temp\cciquT90.o

.app_excpt      0x000000009d000180       0x10
 *(.gen_handler)
 .gen_handler   0x000000009d000180       0x10 C:\Users\HAROLD~1\AppData\Local\Temp\cciquT90.o

.vectors        0x000000009d000200       0x68
                0x000000009d000200                . = ALIGN (0x4)
                0x0000000000000220                __vector_offset_0 = DEFINED (__vector_dispatch_0)?(. - _ebase_address):__vector_offset_default
 *(.vector_0)
                0x000000009d000200                . = ALIGN (0x4)
                0x0000000000000220                __vector_offset_1 = DEFINED (__vector_dispatch_1)?(. - _ebase_address):__vector_offset_default
 *(.vector_1)
                0x000000009d000200                . = ALIGN (0x4)
                0x0000000000000220                __vector_offset_2 = DEFINED (__vector_dispatch_2)?(. - _ebase_address):__vector_offset_default
 *(.vector_2)
                0x000000009d000200                . = ALIGN (0x4)
                0x0000000000000220                __vector_offset_3 = DEFINED (__vector_dispatch_3)?(. - _ebase_address):__vector_offset_default
 *(.vector_3)
                0x000000009d000200                . = ALIGN (0x4)
                0x0000000000000220                __vector_offset_4 = DEFINED (__vector_dispatch_4)?(. - _ebase_address):__vector_offset_default
 *(.vector_4)
                0x000000009d000200                . = ALIGN (0x4)
                0x0000000000000220                __vector_offset_5 = DEFINED (__vector_dispatch_5)?(. - _ebase_address):__vector_offset_default
 *(.vector_5)
                0x000000009d000200                . = ALIGN (0x4)
                0x0000000000000220                __vector_offset_6 = DEFINED (__vector_dispatch_6)?(. - _ebase_address):__vector_offset_default
 *(.vector_6)
                0x000000009d000200                . = ALIGN (0x4)
                0x0000000000000220                __vector_offset_7 = DEFINED (__vector_dispatch_7)?(. - _ebase_address):__vector_offset_default
 *(.vector_7)
                0x000000009d000200                . = ALIGN (0x4)
                0x0000000000000220                __vector_offset_8 = DEFINED (__vector_dispatch_8)?(. - _ebase_address):__vector_offset_default
 *(.vector_8)
                0x000000009d000200                . = ALIGN (0x4)
                0x0000000000000200                __vector_offset_9 = DEFINED (__vector_dispatch_9)?(. - _ebase_address):__vector_offset_default
 *(.vector_9)
 .vector_9      0x000000009d000200        0x8 build/DSP_TU2/debug/_ext/1994557280/interrupts.o
                0x000000009d000200                __vector_dispatch_9
                0x000000009d000208                . = ALIGN (0x4)
                0x0000000000000220                __vector_offset_10 = DEFINED (__vector_dispatch_10)?(. - _ebase_address):__vector_offset_default
 *(.vector_10)
                0x000000009d000208                . = ALIGN (0x4)
                0x0000000000000220                __vector_offset_11 = DEFINED (__vector_dispatch_11)?(. - _ebase_address):__vector_offset_default
 *(.vector_11)
                0x000000009d000208                . = ALIGN (0x4)
                0x0000000000000220                __vector_offset_12 = DEFINED (__vector_dispatch_12)?(. - _ebase_address):__vector_offset_default
 *(.vector_12)
                0x000000009d000208                . = ALIGN (0x4)
                0x0000000000000220                __vector_offset_13 = DEFINED (__vector_dispatch_13)?(. - _ebase_address):__vector_offset_default
 *(.vector_13)
                0x000000009d000208                . = ALIGN (0x4)
                0x0000000000000220                __vector_offset_14 = DEFINED (__vector_dispatch_14)?(. - _ebase_address):__vector_offset_default
 *(.vector_14)
                0x000000009d000208                . = ALIGN (0x4)
                0x0000000000000220                __vector_offset_15 = DEFINED (__vector_dispatch_15)?(. - _ebase_address):__vector_offset_default
 *(.vector_15)
                0x000000009d000208                . = ALIGN (0x4)
                0x0000000000000220                __vector_offset_16 = DEFINED (__vector_dispatch_16)?(. - _ebase_address):__vector_offset_default
 *(.vector_16)
                0x000000009d000208                . = ALIGN (0x4)
                0x0000000000000220                __vector_offset_17 = DEFINED (__vector_dispatch_17)?(. - _ebase_address):__vector_offset_default
 *(.vector_17)
                0x000000009d000208                . = ALIGN (0x4)
                0x0000000000000220                __vector_offset_18 = DEFINED (__vector_dispatch_18)?(. - _ebase_address):__vector_offset_default
 *(.vector_18)
                0x000000009d000208                . = ALIGN (0x4)
                0x0000000000000220                __vector_offset_19 = DEFINED (__vector_dispatch_19)?(. - _ebase_address):__vector_offset_default
 *(.vector_19)
                0x000000009d000208                . = ALIGN (0x4)
                0x0000000000000220                __vector_offset_20 = DEFINED (__vector_dispatch_20)?(. - _ebase_address):__vector_offset_default
 *(.vector_20)
                0x000000009d000208                . = ALIGN (0x4)
                0x0000000000000220                __vector_offset_21 = DEFINED (__vector_dispatch_21)?(. - _ebase_address):__vector_offset_default
 *(.vector_21)
                0x000000009d000208                . = ALIGN (0x4)
                0x0000000000000220                __vector_offset_22 = DEFINED (__vector_dispatch_22)?(. - _ebase_address):__vector_offset_default
 *(.vector_22)
                0x000000009d000208                . = ALIGN (0x4)
                0x0000000000000220                __vector_offset_23 = DEFINED (__vector_dispatch_23)?(. - _ebase_address):__vector_offset_default
 *(.vector_23)
                0x000000009d000208                . = ALIGN (0x4)
                0x0000000000000220                __vector_offset_24 = DEFINED (__vector_dispatch_24)?(. - _ebase_address):__vector_offset_default
 *(.vector_24)
                0x000000009d000208                . = ALIGN (0x4)
                0x0000000000000220                __vector_offset_25 = DEFINED (__vector_dispatch_25)?(. - _ebase_address):__vector_offset_default
 *(.vector_25)
                0x000000009d000208                . = ALIGN (0x4)
                0x0000000000000220                __vector_offset_26 = DEFINED (__vector_dispatch_26)?(. - _ebase_address):__vector_offset_default
 *(.vector_26)
                0x000000009d000208                . = ALIGN (0x4)
                0x0000000000000220                __vector_offset_27 = DEFINED (__vector_dispatch_27)?(. - _ebase_address):__vector_offset_default
 *(.vector_27)
                0x000000009d000208                . = ALIGN (0x4)
                0x0000000000000220                __vector_offset_28 = DEFINED (__vector_dispatch_28)?(. - _ebase_address):__vector_offset_default
 *(.vector_28)
                0x000000009d000208                . = ALIGN (0x4)
                0x0000000000000220                __vector_offset_29 = DEFINED (__vector_dispatch_29)?(. - _ebase_address):__vector_offset_default
 *(.vector_29)
                0x000000009d000208                . = ALIGN (0x4)
                0x0000000000000220                __vector_offset_30 = DEFINED (__vector_dispatch_30)?(. - _ebase_address):__vector_offset_default
 *(.vector_30)
                0x000000009d000208                . = ALIGN (0x4)
                0x0000000000000220                __vector_offset_31 = DEFINED (__vector_dispatch_31)?(. - _ebase_address):__vector_offset_default
 *(.vector_31)
                0x000000009d000208                . = ALIGN (0x4)
                0x0000000000000220                __vector_offset_32 = DEFINED (__vector_dispatch_32)?(. - _ebase_address):__vector_offset_default
 *(.vector_32)
                0x000000009d000208                . = ALIGN (0x4)
                0x0000000000000220                __vector_offset_33 = DEFINED (__vector_dispatch_33)?(. - _ebase_address):__vector_offset_default
 *(.vector_33)
                0x000000009d000208                . = ALIGN (0x4)
                0x0000000000000220                __vector_offset_34 = DEFINED (__vector_dispatch_34)?(. - _ebase_address):__vector_offset_default
 *(.vector_34)
                0x000000009d000208                . = ALIGN (0x4)
                0x0000000000000220                __vector_offset_35 = DEFINED (__vector_dispatch_35)?(. - _ebase_address):__vector_offset_default
 *(.vector_35)
                0x000000009d000208                . = ALIGN (0x4)
                0x0000000000000220                __vector_offset_36 = DEFINED (__vector_dispatch_36)?(. - _ebase_address):__vector_offset_default
 *(.vector_36)
                0x000000009d000208                . = ALIGN (0x4)
                0x0000000000000220                __vector_offset_37 = DEFINED (__vector_dispatch_37)?(. - _ebase_address):__vector_offset_default
 *(.vector_37)
                0x000000009d000208                . = ALIGN (0x4)
                0x0000000000000220                __vector_offset_38 = DEFINED (__vector_dispatch_38)?(. - _ebase_address):__vector_offset_default
 *(.vector_38)
                0x000000009d000208                . = ALIGN (0x4)
                0x0000000000000220                __vector_offset_39 = DEFINED (__vector_dispatch_39)?(. - _ebase_address):__vector_offset_default
 *(.vector_39)
                0x000000009d000208                . = ALIGN (0x4)
                0x0000000000000220                __vector_offset_40 = DEFINED (__vector_dispatch_40)?(. - _ebase_address):__vector_offset_default
 *(.vector_40)
                0x000000009d000208                . = ALIGN (0x4)
                0x0000000000000220                __vector_offset_41 = DEFINED (__vector_dispatch_41)?(. - _ebase_address):__vector_offset_default
 *(.vector_41)
                0x000000009d000208                . = ALIGN (0x4)
                0x0000000000000220                __vector_offset_42 = DEFINED (__vector_dispatch_42)?(. - _ebase_address):__vector_offset_default
 *(.vector_42)
                0x000000009d000208                . = ALIGN (0x4)
                0x0000000000000220                __vector_offset_43 = DEFINED (__vector_dispatch_43)?(. - _ebase_address):__vector_offset_default
 *(.vector_43)
                0x000000009d000208                . = ALIGN (0x4)
                0x0000000000000220                __vector_offset_44 = DEFINED (__vector_dispatch_44)?(. - _ebase_address):__vector_offset_default
 *(.vector_44)
                0x000000009d000208                . = ALIGN (0x4)
                0x0000000000000220                __vector_offset_45 = DEFINED (__vector_dispatch_45)?(. - _ebase_address):__vector_offset_default
 *(.vector_45)
                0x000000009d000208                . = ALIGN (0x4)
                0x0000000000000220                __vector_offset_46 = DEFINED (__vector_dispatch_46)?(. - _ebase_address):__vector_offset_default
 *(.vector_46)
                0x000000009d000208                . = ALIGN (0x4)
                0x0000000000000220                __vector_offset_47 = DEFINED (__vector_dispatch_47)?(. - _ebase_address):__vector_offset_default
 *(.vector_47)
                0x000000009d000208                . = ALIGN (0x4)
                0x0000000000000220                __vector_offset_48 = DEFINED (__vector_dispatch_48)?(. - _ebase_address):__vector_offset_default
 *(.vector_48)
                0x000000009d000208                . = ALIGN (0x4)
                0x0000000000000220                __vector_offset_49 = DEFINED (__vector_dispatch_49)?(. - _ebase_address):__vector_offset_default
 *(.vector_49)
                0x000000009d000208                . = ALIGN (0x4)
                0x0000000000000220                __vector_offset_50 = DEFINED (__vector_dispatch_50)?(. - _ebase_address):__vector_offset_default
 *(.vector_50)
                0x000000009d000208                . = ALIGN (0x4)
                0x0000000000000220                __vector_offset_51 = DEFINED (__vector_dispatch_51)?(. - _ebase_address):__vector_offset_default
 *(.vector_51)
                0x000000009d000208                . = ALIGN (0x4)
                0x0000000000000220                __vector_offset_52 = DEFINED (__vector_dispatch_52)?(. - _ebase_address):__vector_offset_default
 *(.vector_52)
                0x000000009d000208                . = ALIGN (0x4)
                0x0000000000000220                __vector_offset_53 = DEFINED (__vector_dispatch_53)?(. - _ebase_address):__vector_offset_default
 *(.vector_53)
                0x000000009d000208                . = ALIGN (0x4)
                0x0000000000000220                __vector_offset_54 = DEFINED (__vector_dispatch_54)?(. - _ebase_address):__vector_offset_default
 *(.vector_54)
                0x000000009d000208                . = ALIGN (0x4)
                0x0000000000000220                __vector_offset_55 = DEFINED (__vector_dispatch_55)?(. - _ebase_address):__vector_offset_default
 *(.vector_55)
                0x000000009d000208                . = ALIGN (0x4)
                0x0000000000000220                __vector_offset_56 = DEFINED (__vector_dispatch_56)?(. - _ebase_address):__vector_offset_default
 *(.vector_56)
                0x000000009d000208                . = ALIGN (0x4)
                0x0000000000000220                __vector_offset_57 = DEFINED (__vector_dispatch_57)?(. - _ebase_address):__vector_offset_default
 *(.vector_57)
                0x000000009d000208                . = ALIGN (0x4)
                0x0000000000000220                __vector_offset_58 = DEFINED (__vector_dispatch_58)?(. - _ebase_address):__vector_offset_default
 *(.vector_58)
                0x000000009d000208                . = ALIGN (0x4)
                0x0000000000000220                __vector_offset_59 = DEFINED (__vector_dispatch_59)?(. - _ebase_address):__vector_offset_default
 *(.vector_59)
                0x000000009d000208                . = ALIGN (0x4)
                0x0000000000000220                __vector_offset_60 = DEFINED (__vector_dispatch_60)?(. - _ebase_address):__vector_offset_default
 *(.vector_60)
                0x000000009d000208                . = ALIGN (0x4)
                0x0000000000000220                __vector_offset_61 = DEFINED (__vector_dispatch_61)?(. - _ebase_address):__vector_offset_default
 *(.vector_61)
                0x000000009d000208                . = ALIGN (0x4)
                0x0000000000000220                __vector_offset_62 = DEFINED (__vector_dispatch_62)?(. - _ebase_address):__vector_offset_default
 *(.vector_62)
                0x000000009d000208                . = ALIGN (0x4)
                0x0000000000000220                __vector_offset_63 = DEFINED (__vector_dispatch_63)?(. - _ebase_address):__vector_offset_default
 *(.vector_63)
                0x000000009d000208                . = ALIGN (0x4)
                0x0000000000000220                __vector_offset_64 = DEFINED (__vector_dispatch_64)?(. - _ebase_address):__vector_offset_default
 *(.vector_64)
                0x000000009d000208                . = ALIGN (0x4)
                0x0000000000000220                __vector_offset_65 = DEFINED (__vector_dispatch_65)?(. - _ebase_address):__vector_offset_default
 *(.vector_65)
                0x000000009d000208                . = ALIGN (0x4)
                0x0000000000000220                __vector_offset_66 = DEFINED (__vector_dispatch_66)?(. - _ebase_address):__vector_offset_default
 *(.vector_66)
                0x000000009d000208                . = ALIGN (0x4)
                0x0000000000000220                __vector_offset_67 = DEFINED (__vector_dispatch_67)?(. - _ebase_address):__vector_offset_default
 *(.vector_67)
                0x000000009d000208                . = ALIGN (0x4)
                0x0000000000000220                __vector_offset_68 = DEFINED (__vector_dispatch_68)?(. - _ebase_address):__vector_offset_default
 *(.vector_68)
                0x000000009d000208                . = ALIGN (0x4)
                0x0000000000000220                __vector_offset_69 = DEFINED (__vector_dispatch_69)?(. - _ebase_address):__vector_offset_default
 *(.vector_69)
                0x000000009d000208                . = ALIGN (0x4)
                0x0000000000000220                __vector_offset_70 = DEFINED (__vector_dispatch_70)?(. - _ebase_address):__vector_offset_default
 *(.vector_70)
                0x000000009d000208                . = ALIGN (0x4)
                0x0000000000000220                __vector_offset_71 = DEFINED (__vector_dispatch_71)?(. - _ebase_address):__vector_offset_default
 *(.vector_71)
                0x000000009d000208                . = ALIGN (0x4)
                0x0000000000000220                __vector_offset_72 = DEFINED (__vector_dispatch_72)?(. - _ebase_address):__vector_offset_default
 *(.vector_72)
                0x000000009d000208                . = ALIGN (0x4)
                0x0000000000000220                __vector_offset_73 = DEFINED (__vector_dispatch_73)?(. - _ebase_address):__vector_offset_default
 *(.vector_73)
                0x000000009d000208                . = ALIGN (0x4)
                0x0000000000000220                __vector_offset_74 = DEFINED (__vector_dispatch_74)?(. - _ebase_address):__vector_offset_default
 *(.vector_74)
                0x000000009d000208                . = ALIGN (0x4)
                0x0000000000000220                __vector_offset_75 = DEFINED (__vector_dispatch_75)?(. - _ebase_address):__vector_offset_default
 *(.vector_75)
                0x000000009d000208                . = ALIGN (0x4)
                0x0000000000000220                __vector_offset_76 = DEFINED (__vector_dispatch_76)?(. - _ebase_address):__vector_offset_default
 *(.vector_76)
                0x000000009d000208                . = ALIGN (0x4)
                0x0000000000000220                __vector_offset_77 = DEFINED (__vector_dispatch_77)?(. - _ebase_address):__vector_offset_default
 *(.vector_77)
                0x000000009d000208                . = ALIGN (0x4)
                0x0000000000000220                __vector_offset_78 = DEFINED (__vector_dispatch_78)?(. - _ebase_address):__vector_offset_default
 *(.vector_78)
                0x000000009d000208                . = ALIGN (0x4)
                0x0000000000000220                __vector_offset_79 = DEFINED (__vector_dispatch_79)?(. - _ebase_address):__vector_offset_default
 *(.vector_79)
                0x000000009d000208                . = ALIGN (0x4)
                0x0000000000000220                __vector_offset_80 = DEFINED (__vector_dispatch_80)?(. - _ebase_address):__vector_offset_default
 *(.vector_80)
                0x000000009d000208                . = ALIGN (0x4)
                0x0000000000000220                __vector_offset_81 = DEFINED (__vector_dispatch_81)?(. - _ebase_address):__vector_offset_default
 *(.vector_81)
                0x000000009d000208                . = ALIGN (0x4)
                0x0000000000000220                __vector_offset_82 = DEFINED (__vector_dispatch_82)?(. - _ebase_address):__vector_offset_default
 *(.vector_82)
                0x000000009d000208                . = ALIGN (0x4)
                0x0000000000000220                __vector_offset_83 = DEFINED (__vector_dispatch_83)?(. - _ebase_address):__vector_offset_default
 *(.vector_83)
                0x000000009d000208                . = ALIGN (0x4)
                0x0000000000000220                __vector_offset_84 = DEFINED (__vector_dispatch_84)?(. - _ebase_address):__vector_offset_default
 *(.vector_84)
                0x000000009d000208                . = ALIGN (0x4)
                0x0000000000000220                __vector_offset_85 = DEFINED (__vector_dispatch_85)?(. - _ebase_address):__vector_offset_default
 *(.vector_85)
                0x000000009d000208                . = ALIGN (0x4)
                0x0000000000000220                __vector_offset_86 = DEFINED (__vector_dispatch_86)?(. - _ebase_address):__vector_offset_default
 *(.vector_86)
                0x000000009d000208                . = ALIGN (0x4)
                0x0000000000000220                __vector_offset_87 = DEFINED (__vector_dispatch_87)?(. - _ebase_address):__vector_offset_default
 *(.vector_87)
                0x000000009d000208                . = ALIGN (0x4)
                0x0000000000000220                __vector_offset_88 = DEFINED (__vector_dispatch_88)?(. - _ebase_address):__vector_offset_default
 *(.vector_88)
                0x000000009d000208                . = ALIGN (0x4)
                0x0000000000000220                __vector_offset_89 = DEFINED (__vector_dispatch_89)?(. - _ebase_address):__vector_offset_default
 *(.vector_89)
                0x000000009d000208                . = ALIGN (0x4)
                0x0000000000000220                __vector_offset_90 = DEFINED (__vector_dispatch_90)?(. - _ebase_address):__vector_offset_default
 *(.vector_90)
                0x000000009d000208                . = ALIGN (0x4)
                0x0000000000000220                __vector_offset_91 = DEFINED (__vector_dispatch_91)?(. - _ebase_address):__vector_offset_default
 *(.vector_91)
                0x000000009d000208                . = ALIGN (0x4)
                0x0000000000000220                __vector_offset_92 = DEFINED (__vector_dispatch_92)?(. - _ebase_address):__vector_offset_default
 *(.vector_92)
                0x000000009d000208                . = ALIGN (0x4)
                0x0000000000000220                __vector_offset_93 = DEFINED (__vector_dispatch_93)?(. - _ebase_address):__vector_offset_default
 *(.vector_93)
                0x000000009d000208                . = ALIGN (0x4)
                0x0000000000000220                __vector_offset_94 = DEFINED (__vector_dispatch_94)?(. - _ebase_address):__vector_offset_default
 *(.vector_94)
                0x000000009d000208                . = ALIGN (0x4)
                0x0000000000000220                __vector_offset_95 = DEFINED (__vector_dispatch_95)?(. - _ebase_address):__vector_offset_default
 *(.vector_95)
                0x000000009d000208                . = ALIGN (0x4)
                0x0000000000000220                __vector_offset_96 = DEFINED (__vector_dispatch_96)?(. - _ebase_address):__vector_offset_default
 *(.vector_96)
                0x000000009d000208                . = ALIGN (0x4)
                0x0000000000000220                __vector_offset_97 = DEFINED (__vector_dispatch_97)?(. - _ebase_address):__vector_offset_default
 *(.vector_97)
                0x000000009d000208                . = ALIGN (0x4)
                0x0000000000000220                __vector_offset_98 = DEFINED (__vector_dispatch_98)?(. - _ebase_address):__vector_offset_default
 *(.vector_98)
                0x000000009d000208                . = ALIGN (0x4)
                0x0000000000000220                __vector_offset_99 = DEFINED (__vector_dispatch_99)?(. - _ebase_address):__vector_offset_default
 *(.vector_99)
                0x000000009d000208                . = ALIGN (0x4)
                0x0000000000000220                __vector_offset_100 = DEFINED (__vector_dispatch_100)?(. - _ebase_address):__vector_offset_default
 *(.vector_100)
                0x000000009d000208                . = ALIGN (0x4)
                0x0000000000000220                __vector_offset_101 = DEFINED (__vector_dispatch_101)?(. - _ebase_address):__vector_offset_default
 *(.vector_101)
                0x000000009d000208                . = ALIGN (0x4)
                0x0000000000000220                __vector_offset_102 = DEFINED (__vector_dispatch_102)?(. - _ebase_address):__vector_offset_default
 *(.vector_102)
                0x000000009d000208                . = ALIGN (0x4)
                0x0000000000000220                __vector_offset_103 = DEFINED (__vector_dispatch_103)?(. - _ebase_address):__vector_offset_default
 *(.vector_103)
                0x000000009d000208                . = ALIGN (0x4)
                0x0000000000000220                __vector_offset_104 = DEFINED (__vector_dispatch_104)?(. - _ebase_address):__vector_offset_default
 *(.vector_104)
                0x000000009d000208                . = ALIGN (0x4)
                0x0000000000000220                __vector_offset_105 = DEFINED (__vector_dispatch_105)?(. - _ebase_address):__vector_offset_default
 *(.vector_105)
                0x000000009d000208                . = ALIGN (0x4)
                0x0000000000000220                __vector_offset_106 = DEFINED (__vector_dispatch_106)?(. - _ebase_address):__vector_offset_default
 *(.vector_106)
                0x000000009d000208                . = ALIGN (0x4)
                0x0000000000000220                __vector_offset_107 = DEFINED (__vector_dispatch_107)?(. - _ebase_address):__vector_offset_default
 *(.vector_107)
                0x000000009d000208                . = ALIGN (0x4)
                0x0000000000000220                __vector_offset_108 = DEFINED (__vector_dispatch_108)?(. - _ebase_address):__vector_offset_default
 *(.vector_108)
                0x000000009d000208                . = ALIGN (0x4)
                0x0000000000000220                __vector_offset_109 = DEFINED (__vector_dispatch_109)?(. - _ebase_address):__vector_offset_default
 *(.vector_109)
                0x000000009d000208                . = ALIGN (0x4)
                0x0000000000000220                __vector_offset_110 = DEFINED (__vector_dispatch_110)?(. - _ebase_address):__vector_offset_default
 *(.vector_110)
                0x000000009d000208                . = ALIGN (0x4)
                0x0000000000000220                __vector_offset_111 = DEFINED (__vector_dispatch_111)?(. - _ebase_address):__vector_offset_default
 *(.vector_111)
                0x000000009d000208                . = ALIGN (0x4)
                0x0000000000000208                __vector_offset_112 = DEFINED (__vector_dispatch_112)?(. - _ebase_address):__vector_offset_default
 *(.vector_112)
 .vector_112    0x000000009d000208        0x8 build/DSP_TU2/debug/_ext/1994557280/interrupts.o
                0x000000009d000208                __vector_dispatch_112
                0x000000009d000210                . = ALIGN (0x4)
                0x0000000000000210                __vector_offset_113 = DEFINED (__vector_dispatch_113)?(. - _ebase_address):__vector_offset_default
 *(.vector_113)
 .vector_113    0x000000009d000210        0x8 build/DSP_TU2/debug/_ext/1994557280/interrupts.o
                0x000000009d000210                __vector_dispatch_113
                0x000000009d000218                . = ALIGN (0x4)
                0x0000000000000218                __vector_offset_114 = DEFINED (__vector_dispatch_114)?(. - _ebase_address):__vector_offset_default
 *(.vector_114)
 .vector_114    0x000000009d000218        0x8 build/DSP_TU2/debug/_ext/1994557280/interrupts.o
                0x000000009d000218                __vector_dispatch_114
                0x000000009d000220                . = ALIGN (0x4)
                0x0000000000000220                __vector_offset_115 = DEFINED (__vector_dispatch_115)?(. - _ebase_address):__vector_offset_default
 *(.vector_115)
                0x000000009d000220                . = ALIGN (0x4)
                0x0000000000000220                __vector_offset_116 = DEFINED (__vector_dispatch_116)?(. - _ebase_address):__vector_offset_default
 *(.vector_116)
                0x000000009d000220                . = ALIGN (0x4)
                0x0000000000000220                __vector_offset_117 = DEFINED (__vector_dispatch_117)?(. - _ebase_address):__vector_offset_default
 *(.vector_117)
                0x000000009d000220                . = ALIGN (0x4)
                0x0000000000000220                __vector_offset_118 = DEFINED (__vector_dispatch_118)?(. - _ebase_address):__vector_offset_default
 *(.vector_118)
                0x000000009d000220                . = ALIGN (0x4)
                0x0000000000000220                __vector_offset_119 = DEFINED (__vector_dispatch_119)?(. - _ebase_address):__vector_offset_default
 *(.vector_119)
                0x000000009d000220                . = ALIGN (0x4)
                0x0000000000000220                __vector_offset_120 = DEFINED (__vector_dispatch_120)?(. - _ebase_address):__vector_offset_default
 *(.vector_120)
                0x000000009d000220                . = ALIGN (0x4)
                0x0000000000000220                __vector_offset_121 = DEFINED (__vector_dispatch_121)?(. - _ebase_address):__vector_offset_default
 *(.vector_121)
                0x000000009d000220                . = ALIGN (0x4)
                0x0000000000000220                __vector_offset_122 = DEFINED (__vector_dispatch_122)?(. - _ebase_address):__vector_offset_default
 *(.vector_122)
                0x000000009d000220                . = ALIGN (0x4)
                0x0000000000000220                __vector_offset_123 = DEFINED (__vector_dispatch_123)?(. - _ebase_address):__vector_offset_default
 *(.vector_123)
                0x000000009d000220                . = ALIGN (0x4)
                0x0000000000000220                __vector_offset_124 = DEFINED (__vector_dispatch_124)?(. - _ebase_address):__vector_offset_default
 *(.vector_124)
                0x000000009d000220                . = ALIGN (0x4)
                0x0000000000000220                __vector_offset_125 = DEFINED (__vector_dispatch_125)?(. - _ebase_address):__vector_offset_default
 *(.vector_125)
                0x000000009d000220                . = ALIGN (0x4)
                0x0000000000000220                __vector_offset_126 = DEFINED (__vector_dispatch_126)?(. - _ebase_address):__vector_offset_default
 *(.vector_126)
                0x000000009d000220                . = ALIGN (0x4)
                0x0000000000000220                __vector_offset_127 = DEFINED (__vector_dispatch_127)?(. - _ebase_address):__vector_offset_default
 *(.vector_127)
                0x000000009d000220                . = ALIGN (0x4)
                0x0000000000000220                __vector_offset_128 = DEFINED (__vector_dispatch_128)?(. - _ebase_address):__vector_offset_default
 *(.vector_128)
                0x000000009d000220                . = ALIGN (0x4)
                0x0000000000000220                __vector_offset_129 = DEFINED (__vector_dispatch_129)?(. - _ebase_address):__vector_offset_default
 *(.vector_129)
                0x000000009d000220                . = ALIGN (0x4)
                0x0000000000000220                __vector_offset_130 = DEFINED (__vector_dispatch_130)?(. - _ebase_address):__vector_offset_default
 *(.vector_130)
                0x000000009d000220                . = ALIGN (0x4)
                0x0000000000000220                __vector_offset_131 = DEFINED (__vector_dispatch_131)?(. - _ebase_address):__vector_offset_default
 *(.vector_131)
                0x000000009d000220                . = ALIGN (0x4)
                0x0000000000000220                __vector_offset_132 = DEFINED (__vector_dispatch_132)?(. - _ebase_address):__vector_offset_default
 *(.vector_132)
                0x000000009d000220                . = ALIGN (0x4)
                0x0000000000000220                __vector_offset_133 = DEFINED (__vector_dispatch_133)?(. - _ebase_address):__vector_offset_default
 *(.vector_133)
                0x000000009d000220                . = ALIGN (0x4)
                0x0000000000000220                __vector_offset_134 = DEFINED (__vector_dispatch_134)?(. - _ebase_address):__vector_offset_default
 *(.vector_134)
                0x000000009d000220                . = ALIGN (0x4)
                0x0000000000000220                __vector_offset_135 = DEFINED (__vector_dispatch_135)?(. - _ebase_address):__vector_offset_default
 *(.vector_135)
                0x000000009d000220                . = ALIGN (0x4)
                0x0000000000000220                __vector_offset_136 = DEFINED (__vector_dispatch_136)?(. - _ebase_address):__vector_offset_default
 *(.vector_136)
                0x000000009d000220                . = ALIGN (0x4)
                0x0000000000000220                __vector_offset_137 = DEFINED (__vector_dispatch_137)?(. - _ebase_address):__vector_offset_default
 *(.vector_137)
                0x000000009d000220                . = ALIGN (0x4)
                0x0000000000000220                __vector_offset_138 = DEFINED (__vector_dispatch_138)?(. - _ebase_address):__vector_offset_default
 *(.vector_138)
                0x000000009d000220                . = ALIGN (0x4)
                0x0000000000000220                __vector_offset_139 = DEFINED (__vector_dispatch_139)?(. - _ebase_address):__vector_offset_default
 *(.vector_139)
                0x000000009d000220                . = ALIGN (0x4)
                0x0000000000000220                __vector_offset_140 = DEFINED (__vector_dispatch_140)?(. - _ebase_address):__vector_offset_default
 *(.vector_140)
                0x000000009d000220                . = ALIGN (0x4)
                0x0000000000000220                __vector_offset_141 = DEFINED (__vector_dispatch_141)?(. - _ebase_address):__vector_offset_default
 *(.vector_141)
                0x000000009d000220                . = ALIGN (0x4)
                0x0000000000000220                __vector_offset_142 = DEFINED (__vector_dispatch_142)?(. - _ebase_address):__vector_offset_default
 *(.vector_142)
                0x000000009d000220                . = ALIGN (0x4)
                0x0000000000000220                __vector_offset_143 = DEFINED (__vector_dispatch_143)?(. - _ebase_address):__vector_offset_default
 *(.vector_143)
                0x000000009d000220                . = ALIGN (0x4)
                0x0000000000000220                __vector_offset_144 = DEFINED (__vector_dispatch_144)?(. - _ebase_address):__vector_offset_default
 *(.vector_144)
                0x000000009d000220                . = ALIGN (0x4)
                0x0000000000000220                __vector_offset_145 = DEFINED (__vector_dispatch_145)?(. - _ebase_address):__vector_offset_default
 *(.vector_145)
                0x000000009d000220                . = ALIGN (0x4)
                0x0000000000000220                __vector_offset_146 = DEFINED (__vector_dispatch_146)?(. - _ebase_address):__vector_offset_default
 *(.vector_146)
                0x000000009d000220                . = ALIGN (0x4)
                0x0000000000000220                __vector_offset_147 = DEFINED (__vector_dispatch_147)?(. - _ebase_address):__vector_offset_default
 *(.vector_147)
                0x000000009d000220                . = ALIGN (0x4)
                0x0000000000000220                __vector_offset_148 = DEFINED (__vector_dispatch_148)?(. - _ebase_address):__vector_offset_default
 *(.vector_148)
                0x000000009d000220                . = ALIGN (0x4)
                0x0000000000000220                __vector_offset_149 = DEFINED (__vector_dispatch_149)?(. - _ebase_address):__vector_offset_default
 *(.vector_149)
                0x000000009d000220                . = ALIGN (0x4)
                0x0000000000000220                __vector_offset_150 = DEFINED (__vector_dispatch_150)?(. - _ebase_address):__vector_offset_default
 *(.vector_150)
                0x000000009d000220                . = ALIGN (0x4)
                0x0000000000000220                __vector_offset_151 = DEFINED (__vector_dispatch_151)?(. - _ebase_address):__vector_offset_default
 *(.vector_151)
                0x000000009d000220                . = ALIGN (0x4)
                0x0000000000000220                __vector_offset_152 = DEFINED (__vector_dispatch_152)?(. - _ebase_address):__vector_offset_default
 *(.vector_152)
                0x000000009d000220                . = ALIGN (0x4)
                0x0000000000000220                __vector_offset_153 = DEFINED (__vector_dispatch_153)?(. - _ebase_address):__vector_offset_default
 *(.vector_153)
                0x000000009d000220                . = ALIGN (0x4)
                0x0000000000000220                __vector_offset_154 = DEFINED (__vector_dispatch_154)?(. - _ebase_address):__vector_offset_default
 *(.vector_154)
                0x000000009d000220                . = ALIGN (0x4)
                0x0000000000000220                __vector_offset_155 = DEFINED (__vector_dispatch_155)?(. - _ebase_address):__vector_offset_default
 *(.vector_155)
                0x000000009d000220                . = ALIGN (0x4)
                0x0000000000000220                __vector_offset_156 = DEFINED (__vector_dispatch_156)?(. - _ebase_address):__vector_offset_default
 *(.vector_156)
                0x000000009d000220                . = ALIGN (0x4)
                0x0000000000000220                __vector_offset_157 = DEFINED (__vector_dispatch_157)?(. - _ebase_address):__vector_offset_default
 *(.vector_157)
                0x000000009d000220                . = ALIGN (0x4)
                0x0000000000000220                __vector_offset_158 = DEFINED (__vector_dispatch_158)?(. - _ebase_address):__vector_offset_default
 *(.vector_158)
                0x000000009d000220                . = ALIGN (0x4)
                0x0000000000000220                __vector_offset_159 = DEFINED (__vector_dispatch_159)?(. - _ebase_address):__vector_offset_default
 *(.vector_159)
                0x000000009d000220                . = ALIGN (0x4)
                0x0000000000000220                __vector_offset_160 = DEFINED (__vector_dispatch_160)?(. - _ebase_address):__vector_offset_default
 *(.vector_160)
                0x000000009d000220                . = ALIGN (0x4)
                0x0000000000000220                __vector_offset_161 = DEFINED (__vector_dispatch_161)?(. - _ebase_address):__vector_offset_default
 *(.vector_161)
                0x000000009d000220                . = ALIGN (0x4)
                0x0000000000000220                __vector_offset_162 = DEFINED (__vector_dispatch_162)?(. - _ebase_address):__vector_offset_default
 *(.vector_162)
                0x000000009d000220                . = ALIGN (0x4)
                0x0000000000000220                __vector_offset_163 = DEFINED (__vector_dispatch_163)?(. - _ebase_address):__vector_offset_default
 *(.vector_163)
                0x000000009d000220                . = ALIGN (0x4)
                0x0000000000000220                __vector_offset_164 = DEFINED (__vector_dispatch_164)?(. - _ebase_address):__vector_offset_default
 *(.vector_164)
                0x000000009d000220                . = ALIGN (0x4)
                0x0000000000000220                __vector_offset_165 = DEFINED (__vector_dispatch_165)?(. - _ebase_address):__vector_offset_default
 *(.vector_165)
                0x000000009d000220                . = ALIGN (0x4)
                0x0000000000000220                __vector_offset_166 = DEFINED (__vector_dispatch_166)?(. - _ebase_address):__vector_offset_default
 *(.vector_166)
                0x000000009d000220                . = ALIGN (0x4)
                0x0000000000000220                __vector_offset_167 = DEFINED (__vector_dispatch_167)?(. - _ebase_address):__vector_offset_default
 *(.vector_167)
                0x000000009d000220                . = ALIGN (0x4)
                0x0000000000000220                __vector_offset_168 = DEFINED (__vector_dispatch_168)?(. - _ebase_address):__vector_offset_default
 *(.vector_168)
                0x000000009d000220                . = ALIGN (0x4)
                0x0000000000000220                __vector_offset_169 = DEFINED (__vector_dispatch_169)?(. - _ebase_address):__vector_offset_default
 *(.vector_169)
                0x000000009d000220                . = ALIGN (0x4)
                0x0000000000000220                __vector_offset_170 = DEFINED (__vector_dispatch_170)?(. - _ebase_address):__vector_offset_default
 *(.vector_170)
                0x000000009d000220                . = ALIGN (0x4)
                0x0000000000000220                __vector_offset_171 = DEFINED (__vector_dispatch_171)?(. - _ebase_address):__vector_offset_default
 *(.vector_171)
                0x000000009d000220                . = ALIGN (0x4)
                0x0000000000000220                __vector_offset_172 = DEFINED (__vector_dispatch_172)?(. - _ebase_address):__vector_offset_default
 *(.vector_172)
                0x000000009d000220                . = ALIGN (0x4)
                0x0000000000000220                __vector_offset_173 = DEFINED (__vector_dispatch_173)?(. - _ebase_address):__vector_offset_default
 *(.vector_173)
                0x000000009d000220                . = ALIGN (0x4)
                0x0000000000000220                __vector_offset_174 = DEFINED (__vector_dispatch_174)?(. - _ebase_address):__vector_offset_default
 *(.vector_174)
                0x000000009d000220                . = ALIGN (0x4)
                0x0000000000000220                __vector_offset_175 = DEFINED (__vector_dispatch_175)?(. - _ebase_address):__vector_offset_default
 *(.vector_175)
                0x000000009d000220                . = ALIGN (0x4)
                0x0000000000000220                __vector_offset_176 = DEFINED (__vector_dispatch_176)?(. - _ebase_address):__vector_offset_default
 *(.vector_176)
                0x000000009d000220                . = ALIGN (0x4)
                0x0000000000000220                __vector_offset_177 = DEFINED (__vector_dispatch_177)?(. - _ebase_address):__vector_offset_default
 *(.vector_177)
                0x000000009d000220                . = ALIGN (0x4)
                0x0000000000000220                __vector_offset_178 = DEFINED (__vector_dispatch_178)?(. - _ebase_address):__vector_offset_default
 *(.vector_178)
                0x000000009d000220                . = ALIGN (0x4)
                0x0000000000000220                __vector_offset_179 = DEFINED (__vector_dispatch_179)?(. - _ebase_address):__vector_offset_default
 *(.vector_179)
                0x000000009d000220                . = ALIGN (0x4)
                0x0000000000000220                __vector_offset_180 = DEFINED (__vector_dispatch_180)?(. - _ebase_address):__vector_offset_default
 *(.vector_180)
                0x000000009d000220                . = ALIGN (0x4)
                0x0000000000000220                __vector_offset_181 = DEFINED (__vector_dispatch_181)?(. - _ebase_address):__vector_offset_default
 *(.vector_181)
                0x000000009d000220                . = ALIGN (0x4)
                0x0000000000000220                __vector_offset_182 = DEFINED (__vector_dispatch_182)?(. - _ebase_address):__vector_offset_default
 *(.vector_182)
                0x000000009d000220                . = ALIGN (0x4)
                0x0000000000000220                __vector_offset_183 = DEFINED (__vector_dispatch_183)?(. - _ebase_address):__vector_offset_default
 *(.vector_183)
                0x000000009d000220                . = ALIGN (0x4)
                0x0000000000000220                __vector_offset_184 = DEFINED (__vector_dispatch_184)?(. - _ebase_address):__vector_offset_default
 *(.vector_184)
                0x000000009d000220                . = ALIGN (0x4)
                0x0000000000000220                __vector_offset_185 = DEFINED (__vector_dispatch_185)?(. - _ebase_address):__vector_offset_default
 *(.vector_185)
                0x000000009d000220                . = ALIGN (0x4)
                0x0000000000000220                __vector_offset_186 = DEFINED (__vector_dispatch_186)?(. - _ebase_address):__vector_offset_default
 *(.vector_186)
                0x000000009d000220                . = ALIGN (0x4)
                0x0000000000000220                __vector_offset_187 = DEFINED (__vector_dispatch_187)?(. - _ebase_address):__vector_offset_default
 *(.vector_187)
                0x000000009d000220                . = ALIGN (0x4)
                0x0000000000000220                __vector_offset_188 = DEFINED (__vector_dispatch_188)?(. - _ebase_address):__vector_offset_default
 *(.vector_188)
                0x000000009d000220                . = ALIGN (0x4)
                0x0000000000000220                __vector_offset_189 = DEFINED (__vector_dispatch_189)?(. - _ebase_address):__vector_offset_default
 *(.vector_189)
                0x000000009d000220                . = ALIGN (0x4)
                0x0000000000000220                __vector_offset_190 = DEFINED (__vector_dispatch_190)?(. - _ebase_address):__vector_offset_default
 *(.vector_190)
                0x000000009d000220                . = ALIGN (0x4)
                0x0000000000000220                __vector_offset_191 = DEFINED (__vector_dispatch_191)?(. - _ebase_address):__vector_offset_default
 *(.vector_191)
                0x000000009d000220                . = ALIGN (0x4)
                0x0000000000000220                __vector_offset_192 = DEFINED (__vector_dispatch_192)?(. - _ebase_address):__vector_offset_default
 *(.vector_192)
                0x000000009d000220                . = ALIGN (0x4)
                0x0000000000000220                __vector_offset_193 = DEFINED (__vector_dispatch_193)?(. - _ebase_address):__vector_offset_default
 *(.vector_193)
                0x000000009d000220                . = ALIGN (0x4)
                0x0000000000000220                __vector_offset_194 = DEFINED (__vector_dispatch_194)?(. - _ebase_address):__vector_offset_default
 *(.vector_194)
                0x000000009d000220                . = ALIGN (0x4)
                0x0000000000000220                __vector_offset_195 = DEFINED (__vector_dispatch_195)?(. - _ebase_address):__vector_offset_default
 *(.vector_195)
                0x000000009d000220                . = ALIGN (0x4)
                0x0000000000000220                __vector_offset_196 = DEFINED (__vector_dispatch_196)?(. - _ebase_address):__vector_offset_default
 *(.vector_196)
                0x000000009d000220                . = ALIGN (0x4)
                0x0000000000000220                __vector_offset_197 = DEFINED (__vector_dispatch_197)?(. - _ebase_address):__vector_offset_default
 *(.vector_197)
                0x000000009d000220                . = ALIGN (0x4)
                0x0000000000000220                __vector_offset_198 = DEFINED (__vector_dispatch_198)?(. - _ebase_address):__vector_offset_default
 *(.vector_198)
                0x000000009d000220                . = ALIGN (0x4)
                0x0000000000000220                __vector_offset_199 = DEFINED (__vector_dispatch_199)?(. - _ebase_address):__vector_offset_default
 *(.vector_199)
                0x000000009d000220                . = ALIGN (0x4)
                0x0000000000000220                __vector_offset_200 = DEFINED (__vector_dispatch_200)?(. - _ebase_address):__vector_offset_default
 *(.vector_200)
                0x000000009d000220                . = ALIGN (0x4)
                0x0000000000000220                __vector_offset_201 = DEFINED (__vector_dispatch_201)?(. - _ebase_address):__vector_offset_default
 *(.vector_201)
                0x000000009d000220                . = ALIGN (0x4)
                0x0000000000000220                __vector_offset_202 = DEFINED (__vector_dispatch_202)?(. - _ebase_address):__vector_offset_default
 *(.vector_202)
                0x000000009d000220                . = ALIGN (0x4)
                0x0000000000000220                __vector_offset_203 = DEFINED (__vector_dispatch_203)?(. - _ebase_address):__vector_offset_default
 *(.vector_203)
                0x000000009d000220                . = ALIGN (0x4)
                0x0000000000000220                __vector_offset_204 = DEFINED (__vector_dispatch_204)?(. - _ebase_address):__vector_offset_default
 *(.vector_204)
                0x000000009d000220                . = ALIGN (0x4)
                0x0000000000000220                __vector_offset_205 = DEFINED (__vector_dispatch_205)?(. - _ebase_address):__vector_offset_default
 *(.vector_205)
                0x000000009d000220                . = ALIGN (0x4)
                0x0000000000000220                __vector_offset_206 = DEFINED (__vector_dispatch_206)?(. - _ebase_address):__vector_offset_default
 *(.vector_206)
                0x000000009d000220                . = ALIGN (0x4)
                0x0000000000000220                __vector_offset_207 = DEFINED (__vector_dispatch_207)?(. - _ebase_address):__vector_offset_default
 *(.vector_207)
                0x000000009d000220                . = ALIGN (0x4)
                0x0000000000000220                __vector_offset_208 = DEFINED (__vector_dispatch_208)?(. - _ebase_address):__vector_offset_default
 *(.vector_208)
                0x000000009d000220                . = ALIGN (0x4)
                0x0000000000000220                __vector_offset_209 = DEFINED (__vector_dispatch_209)?(. - _ebase_address):__vector_offset_default
 *(.vector_209)
                0x000000009d000220                . = ALIGN (0x4)
                0x0000000000000220                __vector_offset_210 = DEFINED (__vector_dispatch_210)?(. - _ebase_address):__vector_offset_default
 *(.vector_210)
                0x000000009d000220                . = ALIGN (0x4)
                0x0000000000000220                __vector_offset_211 = DEFINED (__vector_dispatch_211)?(. - _ebase_address):__vector_offset_default
 *(.vector_211)
                0x000000009d000220                . = ALIGN (0x4)
                0x0000000000000220                __vector_offset_212 = DEFINED (__vector_dispatch_212)?(. - _ebase_address):__vector_offset_default
 *(.vector_212)
                0x000000009d000220                . = ALIGN (0x4)
                0x0000000000000220                __vector_offset_213 = DEFINED (__vector_dispatch_213)?(. - _ebase_address):__vector_offset_default
 *(.vector_213)
                0x000000009d000220                . = ALIGN (0x4)
                0x0000000000000220                __vector_offset_214 = DEFINED (__vector_dispatch_214)?(. - _ebase_address):__vector_offset_default
 *(.vector_214)
                0x000000009d000220                . = ALIGN (0x4)
                0x0000000000000220                __vector_offset_215 = DEFINED (__vector_dispatch_215)?(. - _ebase_address):__vector_offset_default
 *(.vector_215)
                0x000000009d000220                . = ALIGN (0x4)
                0x0000000000000220                __vector_offset_216 = DEFINED (__vector_dispatch_216)?(. - _ebase_address):__vector_offset_default
 *(.vector_216)
                0x000000009d000220                . = ALIGN (0x4)
                0x0000000000000220                __vector_offset_217 = DEFINED (__vector_dispatch_217)?(. - _ebase_address):__vector_offset_default
 *(.vector_217)
                0x000000009d000220                . = ALIGN (0x4)
                0x0000000000000220                __vector_offset_218 = DEFINED (__vector_dispatch_218)?(. - _ebase_address):__vector_offset_default
 *(.vector_218)
                0x000000009d000220                . = ALIGN (0x4)
                0x0000000000000220                __vector_offset_219 = DEFINED (__vector_dispatch_219)?(. - _ebase_address):__vector_offset_default
 *(.vector_219)
                0x000000009d000220                . = ALIGN (0x4)
                0x0000000000000220                __vector_offset_220 = DEFINED (__vector_dispatch_220)?(. - _ebase_address):__vector_offset_default
 *(.vector_220)
                0x000000009d000220                . = ALIGN (0x4)
                0x0000000000000220                __vector_offset_221 = DEFINED (__vector_dispatch_221)?(. - _ebase_address):__vector_offset_default
 *(.vector_221)
                0x000000009d000220                . = ALIGN (0x4)
                0x0000000000000220                __vector_offset_222 = DEFINED (__vector_dispatch_222)?(. - _ebase_address):__vector_offset_default
 *(.vector_222)
                0x000000009d000220                . = ALIGN (0x4)
                0x0000000000000220                __vector_offset_223 = DEFINED (__vector_dispatch_223)?(. - _ebase_address):__vector_offset_default
 *(.vector_223)
                0x000000009d000220                . = ALIGN (0x4)
                0x0000000000000220                __vector_offset_224 = DEFINED (__vector_dispatch_224)?(. - _ebase_address):__vector_offset_default
 *(.vector_224)
                0x000000009d000220                . = ALIGN (0x4)
                0x0000000000000220                __vector_offset_225 = DEFINED (__vector_dispatch_225)?(. - _ebase_address):__vector_offset_default
 *(.vector_225)
                0x000000009d000220                . = ALIGN (0x4)
                0x0000000000000220                __vector_offset_226 = DEFINED (__vector_dispatch_226)?(. - _ebase_address):__vector_offset_default
 *(.vector_226)
                0x000000009d000220                . = ALIGN (0x4)
                0x0000000000000220                __vector_offset_227 = DEFINED (__vector_dispatch_227)?(. - _ebase_address):__vector_offset_default
 *(.vector_227)
                0x000000009d000220                . = ALIGN (0x4)
                0x0000000000000220                __vector_offset_228 = DEFINED (__vector_dispatch_228)?(. - _ebase_address):__vector_offset_default
 *(.vector_228)
                0x000000009d000220                . = ALIGN (0x4)
                0x0000000000000220                __vector_offset_229 = DEFINED (__vector_dispatch_229)?(. - _ebase_address):__vector_offset_default
 *(.vector_229)
                0x000000009d000220                . = ALIGN (0x4)
                0x0000000000000220                __vector_offset_230 = DEFINED (__vector_dispatch_230)?(. - _ebase_address):__vector_offset_default
 *(.vector_230)
                0x000000009d000220                . = ALIGN (0x4)
                0x0000000000000220                __vector_offset_231 = DEFINED (__vector_dispatch_231)?(. - _ebase_address):__vector_offset_default
 *(.vector_231)
                0x000000009d000220                . = ALIGN (0x4)
                0x0000000000000220                __vector_offset_232 = DEFINED (__vector_dispatch_232)?(. - _ebase_address):__vector_offset_default
 *(.vector_232)
                0x000000009d000220                . = ALIGN (0x4)
                0x0000000000000220                __vector_offset_233 = DEFINED (__vector_dispatch_233)?(. - _ebase_address):__vector_offset_default
 *(.vector_233)
                0x000000009d000220                . = ALIGN (0x4)
                0x0000000000000220                __vector_offset_234 = DEFINED (__vector_dispatch_234)?(. - _ebase_address):__vector_offset_default
 *(.vector_234)
                0x000000009d000220                . = ALIGN (0x4)
                0x0000000000000220                __vector_offset_235 = DEFINED (__vector_dispatch_235)?(. - _ebase_address):__vector_offset_default
 *(.vector_235)
                0x000000009d000220                . = ALIGN (0x4)
                0x0000000000000220                __vector_offset_236 = DEFINED (__vector_dispatch_236)?(. - _ebase_address):__vector_offset_default
 *(.vector_236)
                0x000000009d000220                . = ALIGN (0x4)
                0x0000000000000220                __vector_offset_237 = DEFINED (__vector_dispatch_237)?(. - _ebase_address):__vector_offset_default
 *(.vector_237)
                0x000000009d000220                . = ALIGN (0x4)
                0x0000000000000220                __vector_offset_238 = DEFINED (__vector_dispatch_238)?(. - _ebase_address):__vector_offset_default
 *(.vector_238)
                0x000000009d000220                . = ALIGN (0x4)
                0x0000000000000220                __vector_offset_239 = DEFINED (__vector_dispatch_239)?(. - _ebase_address):__vector_offset_default
 *(.vector_239)
                0x000000009d000220                . = ALIGN (0x4)
                0x0000000000000220                __vector_offset_240 = DEFINED (__vector_dispatch_240)?(. - _ebase_address):__vector_offset_default
 *(.vector_240)
                0x000000009d000220                . = ALIGN (0x4)
                0x0000000000000220                __vector_offset_241 = DEFINED (__vector_dispatch_241)?(. - _ebase_address):__vector_offset_default
 *(.vector_241)
                0x000000009d000220                . = ALIGN (0x4)
                0x0000000000000220                __vector_offset_242 = DEFINED (__vector_dispatch_242)?(. - _ebase_address):__vector_offset_default
 *(.vector_242)
                0x000000009d000220                . = ALIGN (0x4)
                0x0000000000000220                __vector_offset_243 = DEFINED (__vector_dispatch_243)?(. - _ebase_address):__vector_offset_default
 *(.vector_243)
                0x000000009d000220                . = ALIGN (0x4)
                0x0000000000000220                __vector_offset_244 = DEFINED (__vector_dispatch_244)?(. - _ebase_address):__vector_offset_default
 *(.vector_244)
                0x000000009d000220                . = ALIGN (0x4)
                0x0000000000000220                __vector_offset_245 = DEFINED (__vector_dispatch_245)?(. - _ebase_address):__vector_offset_default
 *(.vector_245)
                0x000000009d000220                . = ALIGN (0x4)
                0x0000000000000220                __vector_offset_246 = DEFINED (__vector_dispatch_246)?(. - _ebase_address):__vector_offset_default
 *(.vector_246)
                0x000000009d000220                . = ALIGN (0x4)
                0x0000000000000220                __vector_offset_247 = DEFINED (__vector_dispatch_247)?(. - _ebase_address):__vector_offset_default
 *(.vector_247)
                0x000000009d000220                . = ALIGN (0x4)
                0x0000000000000220                __vector_offset_248 = DEFINED (__vector_dispatch_248)?(. - _ebase_address):__vector_offset_default
 *(.vector_248)
                0x000000009d000220                . = ALIGN (0x4)
                0x0000000000000220                __vector_offset_249 = DEFINED (__vector_dispatch_249)?(. - _ebase_address):__vector_offset_default
 *(.vector_249)
                0x000000009d000220                . = ALIGN (0x4)
                0x0000000000000220                __vector_offset_250 = DEFINED (__vector_dispatch_250)?(. - _ebase_address):__vector_offset_default
 *(.vector_250)
                0x000000009d000220                . = ALIGN (0x4)
                0x0000000000000220                __vector_offset_251 = DEFINED (__vector_dispatch_251)?(. - _ebase_address):__vector_offset_default
 *(.vector_251)
                0x000000009d000220                . = ALIGN (0x4)
                0x0000000000000220                __vector_offset_252 = DEFINED (__vector_dispatch_252)?(. - _ebase_address):__vector_offset_default
 *(.vector_252)
                0x000000009d000220                . = ALIGN (0x4)
                0x0000000000000220                __vector_offset_253 = DEFINED (__vector_dispatch_253)?(. - _ebase_address):__vector_offset_default
 *(.vector_253)
                0x000000009d000220                . = ALIGN (0x4)
                0x0000000000000220                __vector_offset_254 = DEFINED (__vector_dispatch_254)?(. - _ebase_address):__vector_offset_default
 *(.vector_254)
                0x000000009d000220                . = ALIGN (0x4)
                0x0000000000000220                __vector_offset_255 = DEFINED (__vector_dispatch_255)?(. - _ebase_address):__vector_offset_default
 *(.vector_255)
                0x000000009d000220                . = ALIGN (0x4)
                0x0000000000000220                __vector_offset_default = (. - _ebase_address)
 *(.vector_default)
 .vector_default
                0x000000009d000220       0x48 c:/program files/microchip/xc32/v4.00/bin/bin/../../lib/gcc/pic32mx/8.3.1/../../../../pic32mx/lib/fpu64\libpic32.a(defaultinterrupt.o)
                0x000000009d000220                _DefaultInterrupt

.startup
 *(.startup)

.text           0x000000009d000268        0x0
 *(.stub .gnu.linkonce.t.*)
 *(.text.*personality*)
 *(.mips16.fn.*)
 *(.mips16.call.*)
 *(.gnu.warning)
                0x000000009d000268                . = ALIGN (0x4)

.init           0x000000009d000268        0x0
 *crti.o(.init)
 *crtbegin.o(.init)
 *(EXCLUDE_FILE(*crtn.o *crtend?.o *crtend.o) .init)
 *crtend.o(.init)
 *crtn.o(.init)
                0x000000009d000268                . = ALIGN (0x4)

.fini           0x000000009d000268        0x0
 *(.fini)
                0x000000009d000268                . = ALIGN (0x4)

.preinit_array  0x000000009d000268        0x0
                [!provide]                        PROVIDE (__preinit_array_start = .)
 *(.preinit_array)
                [!provide]                        PROVIDE (__preinit_array_end = .)
                0x000000009d000268                . = ALIGN (0x4)

.init_array     0x000000009d000268        0x0
                [!provide]                        PROVIDE (__init_array_start = .)
 *(SORT_BY_NAME(.init_array.*))
 *(.init_array)
                [!provide]                        PROVIDE (__init_array_end = .)
                0x000000009d000268                . = ALIGN (0x4)

.fini_array     0x000000009d000268        0x0
                [!provide]                        PROVIDE (__fini_array_start = .)
 *(SORT_BY_NAME(.fini_array.*))
 *(.fini_array)
                [!provide]                        PROVIDE (__fini_array_end = .)
                0x000000009d000268                . = ALIGN (0x4)

.ctors          0x000000009d000268        0x0
 *crtbegin.o(.ctors)
 *crtbegin?.o(.ctors)
 *(EXCLUDE_FILE(*crtend?.o *crtend.o) .ctors)
 *(SORT_BY_NAME(.ctors.*))
 *(.ctors)
                0x000000009d000268                . = ALIGN (0x4)

.dtors          0x000000009d000268        0x0
 *crtbegin.o(.dtors)
 *crtbegin?.o(.dtors)
 *(EXCLUDE_FILE(*crtend?.o *crtend.o) .dtors)
 *(SORT_BY_NAME(.dtors.*))
 *(.dtors)
                0x000000009d000268                . = ALIGN (0x4)

.rodata         0x000000009d000268        0x0
 *(.gnu.linkonce.r.*)
 *(.rodata1)
                0x000000009d000268                . = ALIGN (0x4)

.sdata2         0x000000009d000268        0x0
 *(.sdata2 .sdata2.* .gnu.linkonce.s2.*)
                0x000000009d000268                . = ALIGN (0x4)

.sbss2          0x000000009d000268        0x0
 *(.sbss2 .sbss2.* .gnu.linkonce.sb2.*)
                0x000000009d000268                . = ALIGN (0x4)

.eh_frame_hdr
 *(.eh_frame_hdr)
                0x000000009d000268                . = ALIGN (0x4)

.eh_frame
 *(.eh_frame)
                0x000000009d000268                . = ALIGN (0x4)

.gcc_except_table
 *(.gcc_except_table .gcc_except_table.*)
                0x000000009d000268                . = ALIGN (0x4)

.dbg_data       0x0000000080000380        0x0
                0x0000000080000380                . = (. + DEFINED (_DEBUGGER)?0x200:0x0)
                0x0000000080000380                . = (. + DEFINED (_DEBUGGER)?0x80:0x0)
                0x0000000080000380                . = (. + DEFINED (_DEBUGGER)?0x100:0x0)

.jcr            0x0000000080000380        0x0
 *(.jcr)
                0x0000000080000380                . = ALIGN (0x4)

.eh_frame
 *(.eh_frame)
                0x0000000080000380                . = ALIGN (0x4)

.gcc_except_table
 *(.gcc_except_table .gcc_except_table.*)
                0x0000000080000380                . = ALIGN (0x4)

.persist        0x0000000080000380        0x0
                0x0000000080000380                _persist_begin = .
 *(.persist .persist.*)
                0x0000000080000380                . = ALIGN (0x4)
                0x0000000080000380                _persist_end = .

.data           0x0000000080000380        0x0
 *(.gnu.linkonce.d.*)
 *(.data1)
                0x0000000080000380                . = ALIGN (0x4)
                0x0000000080000380                . = .
                0x0000000080008370                _gp = (ALIGN (0x10) + 0x7ff0)

.got            0x0000000080000380        0x0
 *(.got.plt)
 *(.got)
                0x0000000080000380                . = ALIGN (0x4)

.sdata          0x0000000080000380       0x5c
                0x0000000080000380                _sdata_begin = .
 *(.sdata .sdata.* .gnu.linkonce.s.*)
 .sdata         0x0000000080000380        0x4 build/DSP_TU2/debug/_ext/1360937237/main.o
                0x0000000080000380                AudioOut
 *fill*         0x0000000080000384        0x4 
 .sdata         0x0000000080000388       0x10 build/DSP_TU2/debug/_ext/1360937237/agc.o
                0x0000000080000388                MaxGain
 .sdata         0x0000000080000398        0x1 build/DSP_TU2/debug/_ext/1360937237/display.o
                0x0000000080000398                ColorHi
 *fill*         0x0000000080000399        0x7 
 .sdata         0x00000000800003a0        0xa build/DSP_TU2/debug/_ext/1360937237/xyScope.o
 *fill*         0x00000000800003aa        0x2 
 .sdata         0x00000000800003ac        0x4 build/DSP_TU2/debug/_ext/1360937237/PollEncoder.o
 .sdata         0x00000000800003b0        0x8 build/DSP_TU2/debug/_ext/1360937237/AutostartKos.o
 .sdata         0x00000000800003b8       0x24 c:/program files/microchip/xc32/v4.00/bin/bin/../../lib/gcc/pic32mx/8.3.1/../../../../pic32mx/lib/fpu64\libpic32.a(pic32_init_cache.o)
                0x00000000800003b8                __pic32_icache_size
                0x00000000800003bc                __pic32_icache_linesize
                0x00000000800003c0                __pic32_icache_ways
                0x00000000800003c4                __pic32_dcache_size
                0x00000000800003c8                __pic32_dcache_linesize
                0x00000000800003cc                __pic32_dcache_ways
                0x00000000800003d0                __pic32_scache_size
                0x00000000800003d4                __pic32_scache_linesize
                0x00000000800003d8                __pic32_scache_ways
                0x00000000800003dc                . = ALIGN (0x4)
                0x00000000800003dc                _sdata_end = .

.lit8
 *(.lit8)

.lit4
 *(.lit4)
                0x00000000800003dc                . = ALIGN (0x4)
                0x00000000800003dc                _data_end = .
                0x00000000800003dc                _bss_begin = .

.sbss           0x00000000800003dc      0x10c
                0x00000000800003dc                _sbss_begin = .
 *(.dynsbss)
 *(.sbss .sbss.* .gnu.linkonce.sb.*)
 .sbss          0x00000000800003dc        0x8 build/DSP_TU2/debug/_ext/255081301/plib_tmr2.o
 .sbss          0x00000000800003e4        0x8 build/DSP_TU2/debug/_ext/1994557280/exceptions.o
 .sbss          0x00000000800003ec        0x8 build/DSP_TU2/debug/_ext/1360937237/main.o
                0x00000000800003ec                Timer2TimeoutCounter
                0x00000000800003ee                FpPollCounter
                0x00000000800003f0                DebugCounter
 .sbss          0x00000000800003f4       0x12 build/DSP_TU2/debug/_ext/1360937237/BaudotUart.o
                0x00000000800003f4                CharCount
                0x00000000800003f8                BadStopBitCount
 *fill*         0x0000000080000406        0x2 
 .sbss          0x0000000080000408       0x28 build/DSP_TU2/debug/_ext/1360937237/DynamicThreshold.o
 .sbss          0x0000000080000430       0x10 build/DSP_TU2/debug/_ext/1360937237/dds.o
 .sbss          0x0000000080000440        0x5 build/DSP_TU2/debug/_ext/1360937237/display.o
                0x0000000080000444                ColorLo
 *fill*         0x0000000080000445        0x1 
 .sbss          0x0000000080000446        0x2 build/DSP_TU2/debug/_ext/1360937237/xyScope.o
 .sbss          0x0000000080000448        0x8 build/DSP_TU2/debug/_ext/1360937237/PollEncoder.o
                0x0000000080000448                EncoderCount
 .sbss          0x0000000080000450        0x8 build/DSP_TU2/debug/_ext/1360937237/filters.o
 *(.scommon)
 .scommon       0x0000000080000458       0x50 build/DSP_TU2/debug/_ext/1360937237/main.o
                0x0000000080000458                samplef
                0x0000000080000460                Threshold
                0x0000000080000468                DiscrimOut
                0x0000000080000470                SpaceSample
                0x0000000080000478                SpaceDemodOut
                0x0000000080000480                MarkSample
                0x0000000080000488                MarkDemodOut
                0x0000000080000490                AdcSample
                0x0000000080000498                DdsOut
                0x00000000800004a0                TestSamplef
 .scommon       0x00000000800004a8        0x4 build/DSP_TU2/debug/_ext/1360937237/DynamicThreshold.o
                0x00000000800004a8                DynamicThresholdLpf
 .scommon       0x00000000800004ac        0x4 build/DSP_TU2/debug/_ext/1360937237/agc.o
                0x00000000800004ac                AgcLpf
 .scommon       0x00000000800004b0        0x1 build/DSP_TU2/debug/_ext/1360937237/PollSwitchesLeds.o
                0x00000000800004b0                Switches
 *fill*         0x00000000800004b1        0x7 
 .scommon       0x00000000800004b8       0x30 build/DSP_TU2/debug/_ext/1360937237/filters.o
                0x00000000800004b8                SpaceFreq
                0x00000000800004c0                MarkDataFilter
                0x00000000800004c4                SpaceFilter
                0x00000000800004d0                MarkFreq
                0x00000000800004d8                MarkFilter
                0x00000000800004e0                SpaceDataFilter
                0x00000000800004e4                InputBpf
                0x00000000800004e8                _sbss_end = .
                0x00000000800004e8                . = ALIGN (0x4)

.bss            0x00000000800004e8      0x110
 *(.dynbss)
 *(COMMON)
 COMMON         0x00000000800004e8       0x44 build/DSP_TU2/debug/_ext/682395886/plib_uart1.o
                0x00000000800004e8                uart1Obj
 COMMON         0x000000008000052c       0x64 build/DSP_TU2/debug/_ext/1360937237/main.o
                0x000000008000052c                StringBuf
 COMMON         0x0000000080000590       0x68 build/DSP_TU2/debug/_ext/1360937237/UserConfig.o
                0x0000000080000590                UserConfig
                0x00000000800005f8                . = ALIGN ((. != 0x0)?0x4:0x1)
                0x00000000800005f8                . = ALIGN (0x4)
                0x00000000800005f8                _end = .
                0x00000000800005f8                _bss_end = .
                0x0000000000020000                _bmxdudba_address = LENGTH (kseg0_data_mem)
                0x0000000000020000                _bmxdupba_address = LENGTH (kseg0_data_mem)

/DISCARD/
 *(.pdr)
 *(.rel.dyn)
 *(.note.GNU-stack)
 *(.note.GNU-stack)
 *(.gnu_debuglink)
 *(.gnu.lto_*)
 *(.discard)

.gptab.sdata
 *(.gptab.data)
 *(.gptab.sdata)

.gptab.sbss
 *(.gptab.bss)
 *(.gptab.sbss)

.mdebug.abi32   0x0000000000000000        0x0
 *(.mdebug.abi32)
 .mdebug.abi32  0x0000000000000000        0x0 c:/program files/microchip/xc32/v4.00/bin/bin/../../lib/gcc/pic32mx/8.3.1/../../../../pic32mx/lib/fpu64\software-debug-break.o
 .mdebug.abi32  0x0000000000000000        0x0 build/DSP_TU2/debug/_ext/302168295/plib_adchs.o
 .mdebug.abi32  0x0000000000000000        0x0 build/DSP_TU2/debug/_ext/255064926/plib_clk.o
 .mdebug.abi32  0x0000000000000000        0x0 build/DSP_TU2/debug/_ext/682852657/plib_evic.o
 .mdebug.abi32  0x0000000000000000        0x0 build/DSP_TU2/debug/_ext/682798829/plib_gpio.o
 .mdebug.abi32  0x0000000000000000        0x0 build/DSP_TU2/debug/_ext/682572869/plib_ocmp1.o
 .mdebug.abi32  0x0000000000000000        0x0 build/DSP_TU2/debug/_ext/957679836/plib_spi1_master.o
 .mdebug.abi32  0x0000000000000000        0x0 build/DSP_TU2/debug/_ext/957679836/plib_spi3_master.o
 .mdebug.abi32  0x0000000000000000        0x0 build/DSP_TU2/debug/_ext/957679836/plib_spi2_master.o
 .mdebug.abi32  0x0000000000000000        0x0 build/DSP_TU2/debug/_ext/255081301/plib_tmr2.o
 .mdebug.abi32  0x0000000000000000        0x0 build/DSP_TU2/debug/_ext/682395886/plib_uart1.o
 .mdebug.abi32  0x0000000000000000        0x0 build/DSP_TU2/debug/_ext/775482278/xc32_monitor.o
 .mdebug.abi32  0x0000000000000000        0x0 build/DSP_TU2/debug/_ext/1994557280/initialization.o
 .mdebug.abi32  0x0000000000000000        0x0 build/DSP_TU2/debug/_ext/1994557280/interrupts.o
 .mdebug.abi32  0x0000000000000000        0x0 build/DSP_TU2/debug/_ext/1994557280/exceptions.o
 .mdebug.abi32  0x0000000000000000        0x0 build/DSP_TU2/debug/_ext/1360937237/main.o
 .mdebug.abi32  0x0000000000000000        0x0 build/DSP_TU2/debug/_ext/1360937237/AfskGen.o
 .mdebug.abi32  0x0000000000000000        0x0 build/DSP_TU2/debug/_ext/1360937237/BaudotUart.o
 .mdebug.abi32  0x0000000000000000        0x0 build/DSP_TU2/debug/_ext/1360937237/DynamicThreshold.o
 .mdebug.abi32  0x0000000000000000        0x0 build/DSP_TU2/debug/_ext/1360937237/PwmAudioOut.o
 .mdebug.abi32  0x0000000000000000        0x0 build/DSP_TU2/debug/_ext/1360937237/agc.o
 .mdebug.abi32  0x0000000000000000        0x0 build/DSP_TU2/debug/_ext/1360937237/biquad.o
 .mdebug.abi32  0x0000000000000000        0x0 build/DSP_TU2/debug/_ext/1360937237/dds.o
 .mdebug.abi32  0x0000000000000000        0x0 build/DSP_TU2/debug/_ext/1360937237/display.o
 .mdebug.abi32  0x0000000000000000        0x0 build/DSP_TU2/debug/_ext/1360937237/fifo16.o
 .mdebug.abi32  0x0000000000000000        0x0 build/DSP_TU2/debug/_ext/1360937237/xyScope.o
 .mdebug.abi32  0x0000000000000000        0x0 build/DSP_TU2/debug/_ext/1360937237/PollSwitchesLeds.o
 .mdebug.abi32  0x0000000000000000        0x0 build/DSP_TU2/debug/_ext/1360937237/PollEncoder.o
 .mdebug.abi32  0x0000000000000000        0x0 build/DSP_TU2/debug/_ext/1360937237/UserConfig.o
 .mdebug.abi32  0x0000000000000000        0x0 build/DSP_TU2/debug/_ext/1360937237/filters.o
 .mdebug.abi32  0x0000000000000000        0x0 build/DSP_TU2/debug/_ext/1360937237/AutostartKos.o
 .mdebug.abi32  0x0000000000000000        0x0 c:/program files/microchip/xc32/v4.00/bin/bin/../../lib/gcc/pic32mx/8.3.1/../../../../pic32mx/lib/fpu64\libpic32.a(default-on-reset.o)